Archive member included to satisfy reference by file (symbol)

C:/PROGRA~2/ARMGNU~1/133167~1.3RE/bin/../lib/gcc/arm-none-eabi/13.3.1/thumb/v8-m.main+dp/hard\libg_nano.a(libc_a-exit.o)
                              C:/PROGRA~2/ARMGNU~1/133167~1.3RE/bin/../lib/gcc/arm-none-eabi/13.3.1/thumb/v8-m.main+dp/hard/crt0.o (exit)
C:/PROGRA~2/ARMGNU~1/133167~1.3RE/bin/../lib/gcc/arm-none-eabi/13.3.1/thumb/v8-m.main+dp/hard\libg_nano.a(libc_a-findfp.o)
                              C:/PROGRA~2/ARMGNU~1/133167~1.3RE/bin/../lib/gcc/arm-none-eabi/13.3.1/thumb/v8-m.main+dp/hard\libg_nano.a(libc_a-exit.o) (__stdio_exit_handler)
C:/PROGRA~2/ARMGNU~1/133167~1.3RE/bin/../lib/gcc/arm-none-eabi/13.3.1/thumb/v8-m.main+dp/hard\libg_nano.a(libc_a-fwalk.o)
                              C:/PROGRA~2/ARMGNU~1/133167~1.3RE/bin/../lib/gcc/arm-none-eabi/13.3.1/thumb/v8-m.main+dp/hard\libg_nano.a(libc_a-findfp.o) (_fwalk_sglue)
C:/PROGRA~2/ARMGNU~1/133167~1.3RE/bin/../lib/gcc/arm-none-eabi/13.3.1/thumb/v8-m.main+dp/hard\libg_nano.a(libc_a-stdio.o)
                              C:/PROGRA~2/ARMGNU~1/133167~1.3RE/bin/../lib/gcc/arm-none-eabi/13.3.1/thumb/v8-m.main+dp/hard\libg_nano.a(libc_a-findfp.o) (__sread)
C:/PROGRA~2/ARMGNU~1/133167~1.3RE/bin/../lib/gcc/arm-none-eabi/13.3.1/thumb/v8-m.main+dp/hard\libg_nano.a(libc_a-memset.o)
                              C:/PROGRA~2/ARMGNU~1/133167~1.3RE/bin/../lib/gcc/arm-none-eabi/13.3.1/thumb/v8-m.main+dp/hard/crt0.o (memset)
C:/PROGRA~2/ARMGNU~1/133167~1.3RE/bin/../lib/gcc/arm-none-eabi/13.3.1/thumb/v8-m.main+dp/hard\libg_nano.a(libc_a-closer.o)
                              C:/PROGRA~2/ARMGNU~1/133167~1.3RE/bin/../lib/gcc/arm-none-eabi/13.3.1/thumb/v8-m.main+dp/hard\libg_nano.a(libc_a-stdio.o) (_close_r)
C:/PROGRA~2/ARMGNU~1/133167~1.3RE/bin/../lib/gcc/arm-none-eabi/13.3.1/thumb/v8-m.main+dp/hard\libg_nano.a(libc_a-reent.o)
                              C:/PROGRA~2/ARMGNU~1/133167~1.3RE/bin/../lib/gcc/arm-none-eabi/13.3.1/thumb/v8-m.main+dp/hard\libg_nano.a(libc_a-closer.o) (errno)
C:/PROGRA~2/ARMGNU~1/133167~1.3RE/bin/../lib/gcc/arm-none-eabi/13.3.1/thumb/v8-m.main+dp/hard\libg_nano.a(libc_a-impure.o)
                              C:/PROGRA~2/ARMGNU~1/133167~1.3RE/bin/../lib/gcc/arm-none-eabi/13.3.1/thumb/v8-m.main+dp/hard\libg_nano.a(libc_a-reent.o) (_impure_ptr)
C:/PROGRA~2/ARMGNU~1/133167~1.3RE/bin/../lib/gcc/arm-none-eabi/13.3.1/thumb/v8-m.main+dp/hard\libg_nano.a(libc_a-lseekr.o)
                              C:/PROGRA~2/ARMGNU~1/133167~1.3RE/bin/../lib/gcc/arm-none-eabi/13.3.1/thumb/v8-m.main+dp/hard\libg_nano.a(libc_a-stdio.o) (_lseek_r)
C:/PROGRA~2/ARMGNU~1/133167~1.3RE/bin/../lib/gcc/arm-none-eabi/13.3.1/thumb/v8-m.main+dp/hard\libg_nano.a(libc_a-readr.o)
                              C:/PROGRA~2/ARMGNU~1/133167~1.3RE/bin/../lib/gcc/arm-none-eabi/13.3.1/thumb/v8-m.main+dp/hard\libg_nano.a(libc_a-stdio.o) (_read_r)
C:/PROGRA~2/ARMGNU~1/133167~1.3RE/bin/../lib/gcc/arm-none-eabi/13.3.1/thumb/v8-m.main+dp/hard\libg_nano.a(libc_a-writer.o)
                              C:/PROGRA~2/ARMGNU~1/133167~1.3RE/bin/../lib/gcc/arm-none-eabi/13.3.1/thumb/v8-m.main+dp/hard\libg_nano.a(libc_a-stdio.o) (_write_r)
C:/PROGRA~2/ARMGNU~1/133167~1.3RE/bin/../lib/gcc/arm-none-eabi/13.3.1/thumb/v8-m.main+dp/hard\libg_nano.a(libc_a-errno.o)
                              CMakeFiles/26renesascup_smartmedicine_Ra8p1.elf.dir/ra/fsp/src/bsp/mcu/all/bsp_sbrk.c.obj (__errno)
C:/PROGRA~2/ARMGNU~1/133167~1.3RE/bin/../lib/gcc/arm-none-eabi/13.3.1/thumb/v8-m.main+dp/hard\libg_nano.a(libc_a-init.o)
                              C:/PROGRA~2/ARMGNU~1/133167~1.3RE/bin/../lib/gcc/arm-none-eabi/13.3.1/thumb/v8-m.main+dp/hard/crt0.o (__libc_init_array)
C:/PROGRA~2/ARMGNU~1/133167~1.3RE/bin/../lib/gcc/arm-none-eabi/13.3.1/thumb/v8-m.main+dp/hard\libg_nano.a(libc_a-lock.o)
                              C:/PROGRA~2/ARMGNU~1/133167~1.3RE/bin/../lib/gcc/arm-none-eabi/13.3.1/thumb/v8-m.main+dp/hard\libg_nano.a(libc_a-findfp.o) (__retarget_lock_init_recursive)
C:/PROGRA~2/ARMGNU~1/133167~1.3RE/bin/../lib/gcc/arm-none-eabi/13.3.1/thumb/v8-m.main+dp/hard\libg_nano.a(libc_a-memcpy-stub.o)
                              CMakeFiles/26renesascup_smartmedicine_Ra8p1.elf.dir/ra/fsp/src/bsp/cmsis/Device/RENESAS/Source/system.c.obj (memcpy)
C:/PROGRA~2/ARMGNU~1/133167~1.3RE/bin/../lib/gcc/arm-none-eabi/13.3.1/thumb/v8-m.main+dp/hard\libg_nano.a(libc_a-freer.o)
                              C:/PROGRA~2/ARMGNU~1/133167~1.3RE/bin/../lib/gcc/arm-none-eabi/13.3.1/thumb/v8-m.main+dp/hard\libg_nano.a(libc_a-reent.o) (_free_r)
C:/PROGRA~2/ARMGNU~1/133167~1.3RE/bin/../lib/gcc/arm-none-eabi/13.3.1/thumb/v8-m.main+dp/hard\libg_nano.a(libc_a-mallocr.o)
                              C:/PROGRA~2/ARMGNU~1/133167~1.3RE/bin/../lib/gcc/arm-none-eabi/13.3.1/thumb/v8-m.main+dp/hard\libg_nano.a(libc_a-findfp.o) (_malloc_r)
C:/PROGRA~2/ARMGNU~1/133167~1.3RE/bin/../lib/gcc/arm-none-eabi/13.3.1/thumb/v8-m.main+dp/hard\libg_nano.a(libc_a-mlock.o)
[...]
Memory Configuration

Name             Origin             Length             Attributes
RAM              0x22000000         0x001d4000         xrw
FLASH            0x02000000         0x00100000         xr
DATA_FLASH       0x27000000         0x00000000         xr
SDRAM            0x68000000         0x08000000         xrw
OSPI0_CS0        0x80000000         0x10000000         xrw
OSPI0_CS1        0x90000000         0x10000000         xr
OSPI1_CS0        0x70000000         0x08000000         xrw
OSPI1_CS1        0x78000000         0x08000000         xr
OPTION_SETTING_OFS0 0x02c9f040         0x00000004         r
OPTION_SETTING_OFS2 0x02c9f044         0x00000004         r
OPTION_SETTING_SAS 0x02c9f074         0x00000004         r
OPTION_SETTING_OFS1 0x12c9f4c0         0x00000004         r
OPTION_SETTING_OFS1_SEC 0x02c9f0c0         0x00000004         r
OPTION_SETTING_OFS1_SEL 0x02c9f120         0x00000004         r
OPTION_SETTING_OFS3 0x12c9f4c4         0x00000004         r
OPTION_SETTING_OFS3_SEC 0x02c9f0c4         0x00000004         r
OPTION_SETTING_OFS3_SEL 0x02c9f124         0x00000004         r
OPTION_SETTING_BPS 0x12c9f600         0x00000080         r
OPTION_SETTING_BPS_SEC 0x02c9f200         0x00000080         r
OPTION_SETTING_OTP_FSBLCTRL0 0x02e07600         0x00000004         r
OPTION_SETTING_OTP_FSBLCTRL1 0x02e07604         0x00000004         r
OPTION_SETTING_OTP_FSBLCTRL2 0x02e07608         0x00000004         r
OPTION_SETTING_OTP_SAMR 0x02e07614         0x00000004         r
OPTION_SETTING_OTP_SACC00 0x02e07620         0x00000004         r
OPTION_SETTING_OTP_SACC10 0x02e07630         0x00000004         r
OPTION_SETTING_OTP_SACC01 0x02e07640         0x00000004         r
OPTION_SETTING_OTP_SACC11 0x02e07650         0x00000004         r
OPTION_SETTING_OTP_SACC02 0x02e07660         0x00000004         r
OPTION_SETTING_OTP_SACC12 0x02e07670         0x00000004         r
OPTION_SETTING_OTP_SACC03 0x02e07680         0x00000004         r
OPTION_SETTING_OTP_SACC13 0x02e07690         0x00000004         r
OPTION_SETTING_OTP_PBPS_SEC 0x02e17700         0x00000080         r
OPTION_SETTING_OTP_PBPS 0x12e17780         0x00000080         r
OPTION_SETTING_OTP_ZHUK 0x02e17920         0x00000004         r
ITCM             0x00000000         0x00020000         xrw
DTCM             0x20000000         0x00020000         xrw
*default*        0x00000000         0xffffffff

Linker script and memory map

LOAD C:/PROGRA~2/ARMGNU~1/133167~1.3RE/bin/../lib/gcc/arm-none-eabi/13.3.1/thumb/v8-m.main+dp/hard/crti.o
LOAD C:/PROGRA~2/ARMGNU~1/133167~1.3RE/bin/../lib/gcc/arm-none-eabi/13.3.1/thumb/v8-m.main+dp/hard/crtbegin.o
LOAD C:/PROGRA~2/ARMGNU~1/133167~1.3RE/bin/../lib/gcc/arm-none-eabi/13.3.1/thumb/v8-m.main+dp/hard/crt0.o
LOAD CMakeFiles/26renesascup_smartmedicine_Ra8p1.elf.dir/ra/board/ra8p1_cpkhmi/board_init.c.obj
LOAD CMakeFiles/26renesascup_smartmedicine_Ra8p1.elf.dir/ra/board/ra8p1_cpkhmi/board_leds.c.obj
LOAD CMakeFiles/26renesascup_smartmedicine_Ra8p1.elf.dir/ra/fsp/src/bsp/cmsis/Device/RENESAS/Source/startup.c.obj
LOAD CMakeFiles/26renesascup_smartmedicine_Ra8p1.elf.dir/ra/fsp/src/bsp/cmsis/Device/RENESAS/Source/system.c.obj
LOAD CMakeFiles/26renesascup_smartmedicine_Ra8p1.elf.dir/ra/fsp/src/bsp/mcu/all/bsp_clocks.c.obj
LOAD CMakeFiles/26renesascup_smartmedicine_Ra8p1.elf.dir/ra/fsp/src/bsp/mcu/all/bsp_common.c.obj
LOAD CMakeFiles/26renesascup_smartmedicine_Ra8p1.elf.dir/ra/fsp/src/bsp/mcu/all/bsp_delay.c.obj
LOAD CMakeFiles/26renesascup_smartmedicine_Ra8p1.elf.dir/ra/fsp/src/bsp/mcu/all/bsp_group_irq.c.obj
LOAD CMakeFiles/26renesascup_smartmedicine_Ra8p1.elf.dir/ra/fsp/src/bsp/mcu/all/bsp_guard.c.obj
LOAD CMakeFiles/26renesascup_smartmedicine_Ra8p1.elf.dir/ra/fsp/src/bsp/mcu/all/bsp_io.c.obj
LOAD CMakeFiles/26renesascup_smartmedicine_Ra8p1.elf.dir/ra/fsp/src/bsp/mcu/all/bsp_ipc.c.obj
LOAD CMakeFiles/26renesascup_smartmedicine_Ra8p1.elf.dir/ra/fsp/src/bsp/mcu/all/bsp_irq.c.obj
LOAD CMakeFiles/26renesascup_smartmedicine_Ra8p1.elf.dir/ra/fsp/src/bsp/mcu/all/bsp_macl.c.obj
LOAD CMakeFiles/26renesascup_smartmedicine_Ra8p1.elf.dir/ra/fsp/src/bsp/mcu/all/bsp_ospi_b.c.obj
LOAD CMakeFiles/26renesascup_smartmedicine_Ra8p1.elf.dir/ra/fsp/src/bsp/mcu/all/bsp_register_protection.c.obj
LOAD CMakeFiles/26renesascup_smartmedicine_Ra8p1.elf.dir/ra/fsp/src/bsp/mcu/all/bsp_sbrk.c.obj
LOAD CMakeFiles/26renesascup_smartmedicine_Ra8p1.elf.dir/ra/fsp/src/bsp/mcu/all/bsp_sdram.c.obj
LOAD CMakeFiles/26renesascup_smartmedicine_Ra8p1.elf.dir/ra/fsp/src/bsp/mcu/all/bsp_security.c.obj
LOAD CMakeFiles/26renesascup_smartmedicine_Ra8p1.elf.dir/ra/fsp/src/bsp/mcu/ra8p1/bsp_linker.c.obj
LOAD CMakeFiles/26renesascup_smartmedicine_Ra8p1.elf.dir/ra/fsp/src/r_ioport/r_ioport.c.obj
LOAD CMakeFiles/26renesascup_smartmedicine_Ra8p1.elf.dir/ra_gen/common_data.c.obj
LOAD CMakeFiles/26renesascup_smartmedicine_Ra8p1.elf.dir/ra_gen/hal_data.c.obj
LOAD CMakeFiles/26renesascup_smartmedicine_Ra8p1.elf.dir/ra_gen/main.c.obj
LOAD CMakeFiles/26renesascup_smartmedicine_Ra8p1.elf.dir/ra_gen/pin_data.c.obj
LOAD CMakeFiles/26renesascup_smartmedicine_Ra8p1.elf.dir/ra_gen/vector_data.c.obj
LOAD CMakeFiles/26renesascup_smartmedicine_Ra8p1.elf.dir/src/hal_entry.c.obj
LOAD CMakeFiles/26renesascup_smartmedicine_Ra8p1.elf.dir/src/hal_warmstart.c.obj
START GROUP
LOAD C:/PROGRA~2/ARMGNU~1/133167~1.3RE/bin/../lib/gcc/arm-none-eabi/13.3.1/thumb/v8-m.main+dp/hard\libgcc.a
LOAD C:/PROGRA~2/ARMGNU~1/133167~1.3RE/bin/../lib/gcc/arm-none-eabi/13.3.1/thumb/v8-m.main+dp/hard\libg_nano.a
LOAD C:/PROGRA~2/ARMGNU~1/133167~1.3RE/bin/../lib/gcc/arm-none-eabi/13.3.1/thumb/v8-m.main+dp/hard\libc_nano.a
END GROUP
START GROUP
LOAD C:/PROGRA~2/ARMGNU~1/133167~1.3RE/bin/../lib/gcc/arm-none-eabi/13.3.1/thumb/v8-m.main+dp/hard\libgcc.a
LOAD C:/PROGRA~2/ARMGNU~1/133167~1.3RE/bin/../lib/gcc/arm-none-eabi/13.3.1/thumb/v8-m.main+dp/hard\libc_nano.a
END GROUP
LOAD C:/PROGRA~2/ARMGNU~1/133167~1.3RE/bin/../lib/gcc/arm-none-eabi/13.3.1/thumb/v8-m.main+dp/hard/crtend.o
LOAD C:/PROGRA~2/ARMGNU~1/133167~1.3RE/bin/../lib/gcc/arm-none-eabi/13.3.1/thumb/v8-m.main+dp/hard/crtn.o
                0x22000000                        RAM_START = 0x22000000
                0x001d4000                        RAM_LENGTH = 0x1d4000
                0x02000000                        FLASH_START = 0x2000000
                0x00100000                        FLASH_LENGTH = 0x100000
                0x27000000                        DATA_FLASH_START = 0x27000000
                0x00000000                        DATA_FLASH_LENGTH = 0x0
                0x68000000                        SDRAM_START = 0x68000000
                0x08000000                        SDRAM_LENGTH = 0x8000000
                0x80000000                        OSPI0_CS0_START = 0x80000000
                0x10000000                        OSPI0_CS0_LENGTH = 0x10000000
                0x90000000                        OSPI0_CS1_START = 0x90000000
                0x10000000                        OSPI0_CS1_LENGTH = 0x10000000
                0x70000000                        OSPI1_CS0_START = 0x70000000
                0x08000000                        OSPI1_CS0_LENGTH = 0x8000000
                0x78000000                        OSPI1_CS1_START = 0x78000000
                0x08000000                        OSPI1_CS1_LENGTH = 0x8000000
                0x02c9f040                        OPTION_SETTING_OFS0_START = 0x2c9f040
                0x00000004                        OPTION_SETTING_OFS0_LENGTH = 0x4
                0x02c9f044                        OPTION_SETTING_OFS2_START = 0x2c9f044
                0x00000004                        OPTION_SETTING_OFS2_LENGTH = 0x4
                0x02c9f074                        OPTION_SETTING_SAS_START = 0x2c9f074
                0x00000004                        OPTION_SETTING_SAS_LENGTH = 0x4
                0x12c9f4c0                        OPTION_SETTING_OFS1_START = 0x12c9f4c0
                0x00000004                        OPTION_SETTING_OFS1_LENGTH = 0x4
                0x02c9f0c0                        OPTION_SETTING_OFS1_SEC_START = 0x2c9f0c0
                0x00000004                        OPTION_SETTING_OFS1_SEC_LENGTH = 0x4
                0x02c9f120                        OPTION_SETTING_OFS1_SEL_START = 0x2c9f120
                0x00000004                        OPTION_SETTING_OFS1_SEL_LENGTH = 0x4
                0x12c9f4c4                        OPTION_SETTING_OFS3_START = 0x12c9f4c4
                0x00000004                        OPTION_SETTING_OFS3_LENGTH = 0x4
                0x02c9f0c4                        OPTION_SETTING_OFS3_SEC_START = 0x2c9f0c4
                0x00000004                        OPTION_SETTING_OFS3_SEC_LENGTH = 0x4
                0x02c9f124                        OPTION_SETTING_OFS3_SEL_START = 0x2c9f124
                0x00000004                        OPTION_SETTING_OFS3_SEL_LENGTH = 0x4
                0x12c9f600                        OPTION_SETTING_BPS_START = 0x12c9f600
                0x00000080                        OPTION_SETTING_BPS_LENGTH = 0x80
                0x02c9f200                        OPTION_SETTING_BPS_SEC_START = 0x2c9f200
                0x00000080                        OPTION_SETTING_BPS_SEC_LENGTH = 0x80
                0x02e07600                        OPTION_SETTING_OTP_FSBLCTRL0_START = 0x2e07600
                0x00000004                        OPTION_SETTING_OTP_FSBLCTRL0_LENGTH = 0x4
                0x02e07604                        OPTION_SETTING_OTP_FSBLCTRL1_START = 0x2e07604
                0x00000004                        OPTION_SETTING_OTP_FSBLCTRL1_LENGTH = 0x4
                0x02e07608                        OPTION_SETTING_OTP_FSBLCTRL2_START = 0x2e07608
                0x00000004                        OPTION_SETTING_OTP_FSBLCTRL2_LENGTH = 0x4
                0x02e07614                        OPTION_SETTING_OTP_SAMR_START = 0x2e07614
                0x00000004                        OPTION_SETTING_OTP_SAMR_LENGTH = 0x4
                0x02e07620                        OPTION_SETTING_OTP_SACC00_START = 0x2e07620
                0x00000004                        OPTION_SETTING_OTP_SACC00_LENGTH = 0x4
                0x02e07630                        OPTION_SETTING_OTP_SACC10_START = 0x2e07630
                0x00000004                        OPTION_SETTING_OTP_SACC10_LENGTH = 0x4
                0x02e07640                        OPTION_SETTING_OTP_SACC01_START = 0x2e07640
                0x00000004                        OPTION_SETTING_OTP_SACC01_LENGTH = 0x4
                0x02e07650                        OPTION_SETTING_OTP_SACC11_START = 0x2e07650
                0x00000004                        OPTION_SETTING_OTP_SACC11_LENGTH = 0x4
                0x02e07660                        OPTION_SETTING_OTP_SACC02_START = 0x2e07660
                0x00000004                        OPTION_SETTING_OTP_SACC02_LENGTH = 0x4
                0x02e07670                        OPTION_SETTING_OTP_SACC12_START = 0x2e07670
                0x00000004                        OPTION_SETTING_OTP_SACC12_LENGTH = 0x4
                0x02e07680                        OPTION_SETTING_OTP_SACC03_START = 0x2e07680
                0x00000004                        OPTION_SETTING_OTP_SACC03_LENGTH = 0x4
                0x02e07690                        OPTION_SETTING_OTP_SACC13_START = 0x2e07690
                0x00000004                        OPTION_SETTING_OTP_SACC13_LENGTH = 0x4
                0x02e17700                        OPTION_SETTING_OTP_PBPS_SEC_START = 0x2e17700
                0x00000080                        OPTION_SETTING_OTP_PBPS_SEC_LENGTH = 0x80
                0x12e17780                        OPTION_SETTING_OTP_PBPS_START = 0x12e17780
                0x00000080                        OPTION_SETTING_OTP_PBPS_LENGTH = 0x80
                0x02e17920                        OPTION_SETTING_OTP_ZHUK_START = 0x2e17920
                0x00000004                        OPTION_SETTING_OTP_ZHUK_LENGTH = 0x4
                0x00000000                        ITCM_START = 0x0
                0x00020000                        ITCM_LENGTH = 0x20000
                0x20000000                        DTCM_START = 0x20000000
                0x00020000                        DTCM_LENGTH = 0x20000
START GROUP
LOAD C:/PROGRA~2/ARMGNU~1/133167~1.3RE/bin/../lib/gcc/arm-none-eabi/13.3.1/thumb/v8-m.main+dp/hard\libgcc.a
LOAD C:/PROGRA~2/ARMGNU~1/133167~1.3RE/bin/../lib/gcc/arm-none-eabi/13.3.1/thumb/v8-m.main+dp/hard\libc.a
LOAD C:/PROGRA~2/ARMGNU~1/133167~1.3RE/bin/../lib/gcc/arm-none-eabi/13.3.1/thumb/v8-m.main+dp/hard\libm.a
END GROUP

.ospi0_cs1.startof
                0x90000000        0x0
                0x90000000                        __ddsc_OSPI0_CS1_START = .

.sdram.startof  0x68000000        0x0
                0x68000000                        __ddsc_SDRAM_START = .

__sdram_from_ospi0_cs1$$
                0x68000000        0x0 load address 0x90000000
                0x68000000                        __sdram_from_ospi0_cs1$$Base = .
                0x90000000                        __sdram_from_ospi0_cs1$$Load = LOADADDR (__sdram_from_ospi0_cs1$$)
 *(.sdram_from_ospi0_cs1)
 *(.sdram_code_from_ospi0_cs1)
                0x68000000                        __sdram_from_ospi0_cs1$$Limit = .

.ospi0_cs0.startof
                0x80000000        0x0
                0x80000000                        __ddsc_OSPI0_CS0_START = .

__ospi0_cs0_from_ospi0_cs1$$
                0x80000000        0x0 load address 0x90000000
                0x80000000                        __ospi0_cs0_from_ospi0_cs1$$Base = .
                0x90000000                        __ospi0_cs0_from_ospi0_cs1$$Load = LOADADDR (__ospi0_cs0_from_ospi0_cs1$$)
 *(.ospi0_cs0_from_ospi0_cs1)
 *(.ospi0_cs0_code_from_ospi0_cs1)
                0x80000000                        __ospi0_cs0_from_ospi0_cs1$$Limit = .

.ospi1_cs0.startof
                0x70000000        0x0
                0x70000000                        __ddsc_OSPI1_CS0_START = .

__ospi1_cs0_from_ospi0_cs1$$
                0x70000000        0x0 load address 0x90000000
                0x70000000                        __ospi1_cs0_from_ospi0_cs1$$Base = .
                0x90000000                        __ospi1_cs0_from_ospi0_cs1$$Load = LOADADDR (__ospi1_cs0_from_ospi0_cs1$$)
 *(.ospi1_cs0_from_ospi0_cs1)
 *(.ospi1_cs0_code_from_ospi0_cs1)
                0x70000000                        __ospi1_cs0_from_ospi0_cs1$$Limit = .

.itcm.startof   0x00000000        0x0
                0x00000000                        __ddsc_ITCM_START = .

__itcm_from_ospi0_cs1$$
                0x00000000        0x0 load address 0x90000000
                0x00000000                        __itcm_from_ospi0_cs1$$Base = .
                0x90000000                        __itcm_from_ospi0_cs1$$Load = LOADADDR (__itcm_from_ospi0_cs1$$)
 *(.itcm_from_ospi0_cs1)
 *(.itcm_code_from_ospi0_cs1)
                0x00000000                        __itcm_from_ospi0_cs1$$Limit = .

.dtcm.startof   0x20000000        0x0
                0x20000000                        __ddsc_DTCM_START = .

__dtcm_from_ospi0_cs1$$
                0x20000000        0x0 load address 0x90000000
                0x20000000                        __dtcm_from_ospi0_cs1$$Base = .
                0x90000000                        __dtcm_from_ospi0_cs1$$Load = LOADADDR (__dtcm_from_ospi0_cs1$$)
 *(.dtcm_from_ospi0_cs1)
 *(.dtcm_code_from_ospi0_cs1)
                0x20000000                        __dtcm_from_ospi0_cs1$$Limit = .

.ram.startof    0x22000000        0x0
                0x22000000                        __ddsc_RAM_START = .

__ram_dtc_vector$$
                0x22000000        0x0
                0x22000000                        __ram_dtc_vector$$Base = .
 *(.fsp_dtc_vector_table)
                0x22000000                        __ram_dtc_vector$$Limit = .

__ram_from_ospi0_cs1$$
                0x22000000        0x0 load address 0x90000000
                0x22000000                        __ram_from_ospi0_cs1$$Base = .
                0x90000000                        __ram_from_ospi0_cs1$$Load = LOADADDR (__ram_from_ospi0_cs1$$)
 *(.ram_from_ospi0_cs1)
 *(.ram_code_from_ospi0_cs1)
                0x22000000                        __ram_from_ospi0_cs1$$Limit = .

__ospi0_cs1_readonly$$
                0x90000000        0x0
                0x90000000                        __ospi0_cs1_readonly$$Base = .
 *(.ospi0_cs1)
 *(.ospi0_cs1_code)
                0x90000000                        __ospi0_cs1_readonly$$Limit = .

__ospi0_cs1_noinit$$
                0x90000000        0x0
                0x90000000                        __ospi0_cs1_noinit$$Base = .
 *(.ospi0_cs1_noinit)
                0x90000000                        __ospi0_cs1_noinit$$Limit = .

.ospi0_cs1.endof
                0x90000000        0x0
                0x90000000                        __ddsc_OSPI0_CS1_END = .

.ospi1_cs1.startof
                0x78000000        0x0
                0x78000000                        __ddsc_OSPI1_CS1_START = .

__sdram_from_ospi1_cs1$$
                0x68000000        0x0 load address 0x78000000
                0x68000000                        __sdram_from_ospi1_cs1$$Base = .
                0x78000000                        __sdram_from_ospi1_cs1$$Load = LOADADDR (__sdram_from_ospi1_cs1$$)
 *(.sdram_from_ospi1_cs1)
 *(.sdram_code_from_ospi1_cs1)
                0x68000000                        __sdram_from_ospi1_cs1$$Limit = .

__ospi0_cs0_from_ospi1_cs1$$
                0x80000000        0x0 load address 0x78000000
                0x80000000                        __ospi0_cs0_from_ospi1_cs1$$Base = .
                0x78000000                        __ospi0_cs0_from_ospi1_cs1$$Load = LOADADDR (__ospi0_cs0_from_ospi1_cs1$$)
 *(.ospi0_cs0_from_ospi1_cs1)
 *(.ospi0_cs0_code_from_ospi1_cs1)
                0x80000000                        __ospi0_cs0_from_ospi1_cs1$$Limit = .

__ospi1_cs0_from_ospi1_cs1$$
                0x70000000        0x0 load address 0x78000000
                0x70000000                        __ospi1_cs0_from_ospi1_cs1$$Base = .
                0x78000000                        __ospi1_cs0_from_ospi1_cs1$$Load = LOADADDR (__ospi1_cs0_from_ospi1_cs1$$)
 *(.ospi1_cs0_from_ospi1_cs1)
 *(.ospi1_cs0_code_from_ospi1_cs1)
                0x70000000                        __ospi1_cs0_from_ospi1_cs1$$Limit = .

__itcm_from_ospi1_cs1$$
                0x00000000        0x0 load address 0x78000000
                0x00000000                        __itcm_from_ospi1_cs1$$Base = .
                0x78000000                        __itcm_from_ospi1_cs1$$Load = LOADADDR (__itcm_from_ospi1_cs1$$)
 *(.itcm_from_ospi1_cs1)
 *(.itcm_code_from_ospi1_cs1)
                0x00000000                        __itcm_from_ospi1_cs1$$Limit = .

__dtcm_from_ospi1_cs1$$
                0x20000000        0x0 load address 0x78000000
                0x20000000                        __dtcm_from_ospi1_cs1$$Base = .
                0x78000000                        __dtcm_from_ospi1_cs1$$Load = LOADADDR (__dtcm_from_ospi1_cs1$$)
 *(.dtcm_from_ospi1_cs1)
 *(.dtcm_code_from_ospi1_cs1)
                0x20000000                        __dtcm_from_ospi1_cs1$$Limit = .

__ram_from_ospi1_cs1$$
                0x22000000        0x0 load address 0x78000000
                0x22000000                        __ram_from_ospi1_cs1$$Base = .
                0x78000000                        __ram_from_ospi1_cs1$$Load = LOADADDR (__ram_from_ospi1_cs1$$)
 *(.ram_from_ospi1_cs1)
 *(.ram_code_from_ospi1_cs1)
                0x22000000                        __ram_from_ospi1_cs1$$Limit = .

__ospi1_cs1_readonly$$
                0x78000000        0x0
                0x78000000                        __ospi1_cs1_readonly$$Base = .
 *(.ospi1_cs1)
 *(.ospi1_cs1_code)
                0x78000000                        __ospi1_cs1_readonly$$Limit = .

__ospi1_cs1_noinit$$
                0x78000000        0x0
                0x78000000                        __ospi1_cs1_noinit$$Base = .
 *(.ospi1_cs1_noinit)
                0x78000000                        __ospi1_cs1_noinit$$Limit = .

.ospi1_cs1.endof
                0x78000000        0x0
                0x78000000                        __ddsc_OSPI1_CS1_END = .

.data_flash.startof
                0x27000000        0x0
                0x27000000                        __ddsc_DATA_FLASH_START = .

__sdram_from_data_flash$$
                0x68000000        0x0 load address 0x27000000
                0x68000000                        __sdram_from_data_flash$$Base = .
                0x27000000                        __sdram_from_data_flash$$Load = LOADADDR (__sdram_from_data_flash$$)
 *(.sdram_from_data_flash)
 *(.sdram_code_from_data_flash)
                0x68000000                        __sdram_from_data_flash$$Limit = .

__ospi0_cs0_from_data_flash$$
                0x80000000        0x0 load address 0x27000000
                0x80000000                        __ospi0_cs0_from_data_flash$$Base = .
                0x27000000                        __ospi0_cs0_from_data_flash$$Load = LOADADDR (__ospi0_cs0_from_data_flash$$)
 *(.ospi0_cs0_from_data_flash)
 *(.ospi0_cs0_code_from_data_flash)
                0x80000000                        __ospi0_cs0_from_data_flash$$Limit = .

__ospi1_cs0_from_data_flash$$
                0x70000000        0x0 load address 0x27000000
                0x70000000                        __ospi1_cs0_from_data_flash$$Base = .
                0x27000000                        __ospi1_cs0_from_data_flash$$Load = LOADADDR (__ospi1_cs0_from_data_flash$$)
 *(.ospi1_cs0_from_data_flash)
 *(.ospi1_cs0_code_from_data_flash)
                0x70000000                        __ospi1_cs0_from_data_flash$$Limit = .

__itcm_from_data_flash$$
                0x00000000        0x0 load address 0x27000000
                0x00000000                        __itcm_from_data_flash$$Base = .
                0x27000000                        __itcm_from_data_flash$$Load = LOADADDR (__itcm_from_data_flash$$)
 *(.itcm_from_data_flash)
 *(.itcm_code_from_data_flash)
                0x00000000                        __itcm_from_data_flash$$Limit = .

__dtcm_from_data_flash$$
                0x20000000        0x0 load address 0x27000000
                0x20000000                        __dtcm_from_data_flash$$Base = .
                0x27000000                        __dtcm_from_data_flash$$Load = LOADADDR (__dtcm_from_data_flash$$)
 *(.dtcm_from_data_flash)
 *(.dtcm_code_from_data_flash)
                0x20000000                        __dtcm_from_data_flash$$Limit = .

__ram_from_data_flash$$
                0x22000000        0x0 load address 0x27000000
                0x22000000                        __ram_from_data_flash$$Base = .
                0x27000000                        __ram_from_data_flash$$Load = LOADADDR (__ram_from_data_flash$$)
 *(.ram_from_data_flash)
 *(.ram_code_from_data_flash)
                0x22000000                        __ram_from_data_flash$$Limit = .

__data_flash_readonly$$
                0x27000000        0x0
                0x27000000                        __data_flash_readonly$$Base = .
 *(.data_flash)
 *(.data_flash_code)
                0x27000000                        __data_flash_readonly$$Limit = .

__data_flash_noinit$$
                0x27000000        0x0
                0x27000000                        __data_flash_noinit$$Base = .
 *(.data_flash_noinit)
                0x27000000                        __data_flash_noinit$$Limit = .

.data_flash.endof
                0x27000000        0x0
                0x27000000                        __ddsc_DATA_FLASH_END = .

.flash.startof  0x02000000        0x0
                0x02000000                        __ddsc_FLASH_START = .

__flash_vectors$$
                0x02000000       0x40
                0x02000000                        __flash_vectors$$Base = .
                0x02000000                        _VECTORS = .
 *(.fixed_vectors)
 .fixed_vectors
                0x02000000       0x40 CMakeFiles/26renesascup_smartmedicine_Ra8p1.elf.dir/ra/fsp/src/bsp/cmsis/Device/RENESAS/Source/startup.c.obj
                0x02000000                __Vectors
 *(.application_vectors)
                0x02000040                        __flash_vectors$$Limit = .

__flash_noinit$$
                0x02000040        0x0
                0x02000040                        __flash_noinit$$Base = .
 *(.flash_noinit)
                0x02000040                        __flash_noinit$$Limit = .

__sdram_from_flash$$
                0x68000000        0x0 load address 0x02000040
                0x68000000                        __sdram_from_flash$$Base = .
                0x02000040                        __sdram_from_flash$$Load = LOADADDR (__sdram_from_flash$$)
 *(.sdram_from_flash)
 *(.sdram_code_from_flash)
                0x68000000                        __sdram_from_flash$$Limit = .

__sdram_noinit_nocache$$
                0x68000000        0x0 load address 0x02000040
                0x68000000                        __sdram_noinit_nocache$$Base = .
 *(.sdram_noinit_nocache)
                0x68000000                        __sdram_noinit_nocache$$Limit = .

__sdram_zero_nocache$$
                0x68000000        0x0 load address 0x02000040
                0x68000000                        __sdram_zero_nocache$$Base = .
 *(.sdram_nocache)
                0x68000000                        . = ALIGN (0x20)
                0x68000000                        __sdram_zero_nocache$$Limit = .

__sdram_noinit$$
                0x68000000        0x0 load address 0x02000040
                0x68000000                        __sdram_noinit$$Base = .
 *(.sdram_noinit)
                0x68000000                        __sdram_noinit$$Limit = .

__sdram_zero$$  0x68000000        0x0 load address 0x02000040
                0x68000000                        __sdram_zero$$Base = .
 *(.sdram)
                0x68000000                        __sdram_zero$$Limit = .

.sdram.endof    0x68000000        0x0
                0x68000000                        __ddsc_SDRAM_END = .

__ospi0_cs0_from_flash$$
                0x80000000        0x0 load address 0x02000040
                0x80000000                        __ospi0_cs0_from_flash$$Base = .
                0x02000040                        __ospi0_cs0_from_flash$$Load = LOADADDR (__ospi0_cs0_from_flash$$)
 *(.ospi0_cs0_from_flash)
 *(.ospi0_cs0_code_from_flash)
                0x80000000                        __ospi0_cs0_from_flash$$Limit = .

__ospi0_cs0_noinit_nocache$$
                0x80000000        0x0 load address 0x02000040
                0x80000000                        __ospi0_cs0_noinit_nocache$$Base = .
 *(.ospi0_cs0_noinit_nocache)
                0x80000000                        __ospi0_cs0_noinit_nocache$$Limit = .

__ospi0_cs0_zero_nocache$$
                0x80000000        0x0 load address 0x02000040
                0x80000000                        __ospi0_cs0_zero_nocache$$Base = .
 *(.ospi0_cs0_nocache)
                0x80000000                        . = ALIGN (0x20)
                0x80000000                        __ospi0_cs0_zero_nocache$$Limit = .

__ospi0_cs0_noinit$$
                0x80000000        0x0 load address 0x02000040
                0x80000000                        __ospi0_cs0_noinit$$Base = .
 *(.ospi0_cs0_noinit)
                0x80000000                        __ospi0_cs0_noinit$$Limit = .

__ospi0_cs0_zero$$
                0x80000000        0x0 load address 0x02000040
                0x80000000                        __ospi0_cs0_zero$$Base = .
 *(.ospi0_cs0)
                0x80000000                        __ospi0_cs0_zero$$Limit = .

.ospi0_cs0.endof
                0x80000000        0x0
                0x80000000                        __ddsc_OSPI0_CS0_END = .

__ospi1_cs0_from_flash$$
                0x70000000        0x0 load address 0x02000040
                0x70000000                        __ospi1_cs0_from_flash$$Base = .
                0x02000040                        __ospi1_cs0_from_flash$$Load = LOADADDR (__ospi1_cs0_from_flash$$)
 *(.ospi1_cs0_from_flash)
 *(.ospi1_cs0_code_from_flash)
                0x70000000                        __ospi1_cs0_from_flash$$Limit = .

__ospi1_cs0_noinit_nocache$$
                0x70000000        0x0 load address 0x02000040
                0x70000000                        __ospi1_cs0_noinit_nocache$$Base = .
 *(.ospi1_cs0_noinit_nocache)
                0x70000000                        __ospi1_cs0_noinit_nocache$$Limit = .

__ospi1_cs0_zero_nocache$$
                0x70000000        0x0 load address 0x02000040
                0x70000000                        __ospi1_cs0_zero_nocache$$Base = .
 *(.ospi1_cs0_nocache)
                0x70000000                        . = ALIGN (0x20)
                0x70000000                        __ospi1_cs0_zero_nocache$$Limit = .

__ospi1_cs0_noinit$$
                0x70000000        0x0 load address 0x02000040
                0x70000000                        __ospi1_cs0_noinit$$Base = .
 *(.ospi1_cs0_noinit)
                0x70000000                        __ospi1_cs0_noinit$$Limit = .

__ospi1_cs0_zero$$
                0x70000000        0x0 load address 0x02000040
                0x70000000                        __ospi1_cs0_zero$$Base = .
 *(.ospi1_cs0)
                0x70000000                        __ospi1_cs0_zero$$Limit = .

.ospi1_cs0.endof
                0x70000000        0x0
                0x70000000                        __ddsc_OSPI1_CS0_END = .

__itcm_from_flash$$
                0x00000000        0x0 load address 0x02000040
                0x00000000                        __itcm_from_flash$$Base = .
                0x02000040                        __itcm_from_flash$$Load = LOADADDR (__itcm_from_flash$$)
 *(.itcm_from_flash)
 *(.itcm_code_from_flash)
                0x00000000                        __itcm_from_flash$$Limit = .

__itcm_noinit$$
                0x00000000        0x0 load address 0x02000040
                0x00000000                        __itcm_noinit$$Base = .
 *(.itcm_noinit)
                0x00000000                        __itcm_noinit$$Limit = .

__itcm_zero$$   0x00000000        0x0 load address 0x02000040
                0x00000000                        __itcm_zero$$Base = .
 *(.itcm)
                0x00000000                        __itcm_zero$$Limit = .

.itcm.endof     0x00000000        0x0
                0x00000000                        __ddsc_ITCM_END = .

__dtcm_from_flash$$
                0x20000000        0x0 load address 0x02000040
                0x20000000                        __dtcm_from_flash$$Base = .
                0x02000040                        __dtcm_from_flash$$Load = LOADADDR (__dtcm_from_flash$$)
 *(.dtcm_from_flash)
 *(.dtcm_code_from_flash)
                0x20000000                        __dtcm_from_flash$$Limit = .

__dtcm_noinit$$
                0x20000000        0x0 load address 0x02000040
                0x20000000                        __dtcm_noinit$$Base = .
 *(.dtcm_noinit)
                0x20000000                        __dtcm_noinit$$Limit = .

__dtcm_zero$$   0x20000000        0x0 load address 0x02000040
                0x20000000                        __dtcm_zero$$Base = .
 *(.dtcm)
                0x20000000                        __dtcm_zero$$Limit = .

.dtcm.endof     0x20000000        0x0
                0x20000000                        __ddsc_DTCM_END = .

__ram_from_flash$$
                0x22000000        0x0 load address 0x02000040
                0x22000000                        __ram_from_flash$$Base = .
                0x02000040                        __ram_from_flash$$Load = LOADADDR (__ram_from_flash$$)
 *(.ram_from_flash)
 *(.ram_code_from_flash)
 *(.data*)
 *(vtable)
                0x22000000                        __ram_from_flash$$Limit = .

__ram_noinit_nocache$$
                0x22000000        0x0 load address 0x02000040
                0x22000000                        __ram_noinit_nocache$$Base = .
 *(.ram_noinit_nocache)
                0x22000000                        __ram_noinit_nocache$$Limit = .

__ram_zero_nocache$$
                0x22000000        0x0 load address 0x02000040
                0x22000000                        __ram_zero_nocache$$Base = .
 *(.ram_nocache)
                0x22000000                        . = ALIGN (0x20)
                0x22000000                        __ram_zero_nocache$$Limit = .

__ram_noinit$$  0x22000000      0x42c load address 0x02000040
                0x22000000                        __ram_noinit$$Base = .
 *(.bss.g_heap)
 *(.bss.g_main_stack)
 .bss.g_main_stack
                0x22000000      0x400 CMakeFiles/26renesascup_smartmedicine_Ra8p1.elf.dir/ra/fsp/src/bsp/cmsis/Device/RENESAS/Source/startup.c.obj
                0x22000000                g_main_stack
 *(.ram_noinit)
 .ram_noinit    0x22000400       0x2c CMakeFiles/26renesascup_smartmedicine_Ra8p1.elf.dir/ra/fsp/src/bsp/mcu/all/bsp_clocks.c.obj
 *(.noinit)
                0x2200042c                        __ram_noinit$$Limit = .

__ram_zero$$    0x22000430       0x8c load address 0x02000040
                0x22000430                        __ram_zero$$Base = .
 *(.ram)
 *(.bss*)
 .bss.completed.1
                0x22000430        0x1 C:/PROGRA~2/ARMGNU~1/133167~1.3RE/bin/../lib/gcc/arm-none-eabi/13.3.1/thumb/v8-m.main+dp/hard/crtbegin.o
 *fill*         0x22000431        0x3 
 .bss.object.0  0x22000434       0x18 C:/PROGRA~2/ARMGNU~1/133167~1.3RE/bin/../lib/gcc/arm-none-eabi/13.3.1/thumb/v8-m.main+dp/hard/crtbegin.o
 .bss.SystemCoreClock
                0x2200044c        0x4 CMakeFiles/26renesascup_smartmedicine_Ra8p1.elf.dir/ra/fsp/src/bsp/cmsis/Device/RENESAS/Source/system.c.obj
                0x2200044c                SystemCoreClock
 .bss.g_bsp_group_irq_sources
                0x22000450       0x54 CMakeFiles/26renesascup_smartmedicine_Ra8p1.elf.dir/ra/fsp/src/bsp/mcu/all/bsp_group_irq.c.obj
                0x22000450                g_bsp_group_irq_sources
 .bss.g_protect_pfswe_counter
                0x220004a4        0x4 CMakeFiles/26renesascup_smartmedicine_Ra8p1.elf.dir/ra/fsp/src/bsp/mcu/all/bsp_io.c.obj
                0x220004a4                g_protect_pfswe_counter
 .bss.g_protect_counters
                0x220004a8        0xa CMakeFiles/26renesascup_smartmedicine_Ra8p1.elf.dir/ra/fsp/src/bsp/mcu/all/bsp_register_protection.c.obj
                0x220004a8                g_protect_counters
 *fill*         0x220004b2        0x2 
 .bss.g_ioport_ctrl
                0x220004b4        0x8 CMakeFiles/26renesascup_smartmedicine_Ra8p1.elf.dir/ra_gen/common_data.c.obj
                0x220004b4                g_ioport_ctrl
                0x220004bc                        __ram_zero$$Limit = .

__ram_thread_stack$$
                0x220004c0        0x0 load address 0x02000040
                0x220004c0                        __ram_thread_stack$$Base = .
 *(.stack?*)
                0x220004c0                        __ram_thread_stack$$Limit = .

.ram.endof      0x22000600        0x0
                0x22000600                        __ddsc_RAM_END = .

__flash_readonly$$
                0x02000040     0x104c
                0x02000040                        __flash_readonly$$Base = .
 *(.flash)
 *(.flash_code)
 *(.text*)
 .text.deregister_tm_clones
                0x02000040       0x1c C:/PROGRA~2/ARMGNU~1/133167~1.3RE/bin/../lib/gcc/arm-none-eabi/13.3.1/thumb/v8-m.main+dp/hard/crtbegin.o
 .text.register_tm_clones
                0x0200005c       0x28 C:/PROGRA~2/ARMGNU~1/133167~1.3RE/bin/../lib/gcc/arm-none-eabi/13.3.1/thumb/v8-m.main+dp/hard/crtbegin.o
 .text.__do_global_dtors_aux
                0x02000084       0x28 C:/PROGRA~2/ARMGNU~1/133167~1.3RE/bin/../lib/gcc/arm-none-eabi/13.3.1/thumb/v8-m.main+dp/hard/crtbegin.o
 .text.frame_dummy
                0x020000ac       0x24 C:/PROGRA~2/ARMGNU~1/133167~1.3RE/bin/../lib/gcc/arm-none-eabi/13.3.1/thumb/v8-m.main+dp/hard/crtbegin.o
 .text.bsp_init
                0x020000d0        0x4 CMakeFiles/26renesascup_smartmedicine_Ra8p1.elf.dir/ra/board/ra8p1_cpkhmi/board_init.c.obj
                0x020000d0                bsp_init
 .text.Default_Handler
                0x020000d4        0x4 CMakeFiles/26renesascup_smartmedicine_Ra8p1.elf.dir/ra/fsp/src/bsp/cmsis/Device/RENESAS/Source/startup.c.obj
                0x020000d4                DebugMon_Handler
                0x020000d4                HardFault_Handler
                0x020000d4                SysTick_Handler
                0x020000d4                PendSV_Handler
                0x020000d4                UsageFault_Handler
                0x020000d4                SecureFault_Handler
                0x020000d4                Default_Handler
                0x020000d4                MemManage_Handler
                0x020000d4                SVC_Handler
                0x020000d4                BusFault_Handler
 .text.Reset_Handler
                0x020000d8        0xc CMakeFiles/26renesascup_smartmedicine_Ra8p1.elf.dir/ra/fsp/src/bsp/cmsis/Device/RENESAS/Source/startup.c.obj
                0x020000d8                Reset_Handler
 .text.SystemRuntimeInit
                0x020000e4       0x64 CMakeFiles/26renesascup_smartmedicine_Ra8p1.elf.dir/ra/fsp/src/bsp/cmsis/Device/RENESAS/Source/system.c.obj
 .text.SystemInit
                0x02000148      0x23c CMakeFiles/26renesascup_smartmedicine_Ra8p1.elf.dir/ra/fsp/src/bsp/cmsis/Device/RENESAS/Source/system.c.obj
                0x02000148                SystemInit
 .text.SystemCoreClockUpdate
                0x02000384       0x88 CMakeFiles/26renesascup_smartmedicine_Ra8p1.elf.dir/ra/fsp/src/bsp/mcu/all/bsp_clocks.c.obj
                0x02000384                SystemCoreClockUpdate
 .text.R_BSP_SubClockStabilizeWaitAfterReset
                0x0200040c        0x4 CMakeFiles/26renesascup_smartmedicine_Ra8p1.elf.dir/ra/fsp/src/bsp/mcu/all/bsp_clocks.c.obj
                0x0200040c                R_BSP_SubClockStabilizeWaitAfterReset
 .text.bsp_clock_init
                0x02000410      0x208 CMakeFiles/26renesascup_smartmedicine_Ra8p1.elf.dir/ra/fsp/src/bsp/mcu/all/bsp_clocks.c.obj
                0x02000410                bsp_clock_init
 .text.R_BSP_Init_RTC
                0x02000618       0xb0 CMakeFiles/26renesascup_smartmedicine_Ra8p1.elf.dir/ra/fsp/src/bsp/mcu/all/bsp_clocks.c.obj
                0x02000618                R_BSP_Init_RTC
 .text.bsp_prv_software_delay_loop
                0x020006c8        0xc CMakeFiles/26renesascup_smartmedicine_Ra8p1.elf.dir/ra/fsp/src/bsp/mcu/all/bsp_delay.c.obj
                0x020006c8                bsp_prv_software_delay_loop
 .text.R_BSP_SoftwareDelay
                0x020006d4       0x88 CMakeFiles/26renesascup_smartmedicine_Ra8p1.elf.dir/ra/fsp/src/bsp/mcu/all/bsp_delay.c.obj
                0x020006d4                R_BSP_SoftwareDelay
 .text.NMI_Handler
                0x0200075c       0x44 CMakeFiles/26renesascup_smartmedicine_Ra8p1.elf.dir/ra/fsp/src/bsp/mcu/all/bsp_group_irq.c.obj
                0x0200075c                NMI_Handler
 .text.bsp_irq_cfg
                0x020007a0       0x18 CMakeFiles/26renesascup_smartmedicine_Ra8p1.elf.dir/ra/fsp/src/bsp/mcu/all/bsp_irq.c.obj
                0x020007a0                bsp_irq_cfg
 .text.R_BSP_RegisterProtectEnable
                0x020007b8       0x60 CMakeFiles/26renesascup_smartmedicine_Ra8p1.elf.dir/ra/fsp/src/bsp/mcu/all/bsp_register_protection.c.obj
                0x020007b8                R_BSP_RegisterProtectEnable
 .text.R_BSP_RegisterProtectDisable
                0x02000818       0x54 CMakeFiles/26renesascup_smartmedicine_Ra8p1.elf.dir/ra/fsp/src/bsp/mcu/all/bsp_register_protection.c.obj
                0x02000818                R_BSP_RegisterProtectDisable
 .text.bsp_vbatt_init
                0x0200086c       0xec CMakeFiles/26renesascup_smartmedicine_Ra8p1.elf.dir/ra/fsp/src/r_ioport/r_ioport.c.obj
 .text.r_ioport_pins_config
                0x02000958       0xb4 CMakeFiles/26renesascup_smartmedicine_Ra8p1.elf.dir/ra/fsp/src/r_ioport/r_ioport.c.obj
 .text.R_IOPORT_Open
                0x02000a0c       0x14 CMakeFiles/26renesascup_smartmedicine_Ra8p1.elf.dir/ra/fsp/src/r_ioport/r_ioport.c.obj
                0x02000a0c                R_IOPORT_Open
 .text.startup.main
                0x02000a20        0xc CMakeFiles/26renesascup_smartmedicine_Ra8p1.elf.dir/ra_gen/main.c.obj
                0x02000a20                main
 .text.hal_entry
                0x02000a2c       0xa4 CMakeFiles/26renesascup_smartmedicine_Ra8p1.elf.dir/src/hal_entry.c.obj
                0x02000a2c                hal_entry
 .text.R_BSP_WarmStart
                0x02000ad0       0x18 CMakeFiles/26renesascup_smartmedicine_Ra8p1.elf.dir/src/hal_warmstart.c.obj
                0x02000ad0                R_BSP_WarmStart
 .text.memset   0x02000ae8       0x10 C:/PROGRA~2/ARMGNU~1/133167~1.3RE/bin/../lib/gcc/arm-none-eabi/13.3.1/thumb/v8-m.main+dp/hard\libg_nano.a(libc_a-memset.o)
                0x02000ae8                memset
 .text.memcpy   0x02000af8       0x1a C:/PROGRA~2/ARMGNU~1/133167~1.3RE/bin/../lib/gcc/arm-none-eabi/13.3.1/thumb/v8-m.main+dp/hard\libg_nano.a(libc_a-memcpy-stub.o)
                0x02000af8                memcpy
 *(.rodata*)
 *fill*         0x02000b12        0x2 
 .rodata.g_bsp_leds
                0x02000b14        0x8 CMakeFiles/26renesascup_smartmedicine_Ra8p1.elf.dir/ra/board/ra8p1_cpkhmi/board_leds.c.obj
                0x02000b14                g_bsp_leds
 .rodata.g_bsp_prv_leds
                0x02000b1c        0x2 CMakeFiles/26renesascup_smartmedicine_Ra8p1.elf.dir/ra/board/ra8p1_cpkhmi/board_leds.c.obj
 *fill*         0x02000b1e        0x2 
 .rodata.g_interrupt_event_link_select
                0x02000b20        0x2 CMakeFiles/26renesascup_smartmedicine_Ra8p1.elf.dir/ra/fsp/src/bsp/mcu/all/bsp_irq.c.obj
                0x02000b20                g_interrupt_event_link_select
 *fill*         0x02000b22        0x2 
 .rodata.g_prcr_masks
                0x02000b24        0xa CMakeFiles/26renesascup_smartmedicine_Ra8p1.elf.dir/ra/fsp/src/bsp/mcu/all/bsp_register_protection.c.obj
 *fill*         0x02000b2e        0x2 
 .rodata.g_init_info
                0x02000b30       0x18 CMakeFiles/26renesascup_smartmedicine_Ra8p1.elf.dir/ra/fsp/src/bsp/mcu/ra8p1/bsp_linker.c.obj
                0x02000b30                g_init_info
 .rodata.nocache_list
                0x02000b48       0x20 CMakeFiles/26renesascup_smartmedicine_Ra8p1.elf.dir/ra/fsp/src/bsp/mcu/ra8p1/bsp_linker.c.obj
 .rodata.copy_list
                0x02000b68      0x180 CMakeFiles/26renesascup_smartmedicine_Ra8p1.elf.dir/ra/fsp/src/bsp/mcu/ra8p1/bsp_linker.c.obj
 .rodata.zero_list
                0x02000ce8       0x78 CMakeFiles/26renesascup_smartmedicine_Ra8p1.elf.dir/ra/fsp/src/bsp/mcu/ra8p1/bsp_linker.c.obj
 .rodata.g_vbatt_pins_input
                0x02000d60        0x6 CMakeFiles/26renesascup_smartmedicine_Ra8p1.elf.dir/ra/fsp/src/r_ioport/r_ioport.c.obj
 *fill*         0x02000d66        0x2 
 .rodata.g_bsp_pin_cfg
                0x02000d68        0xc CMakeFiles/26renesascup_smartmedicine_Ra8p1.elf.dir/ra_gen/pin_data.c.obj
                0x02000d68                g_bsp_pin_cfg
 .rodata.g_bsp_pin_cfg_data
                0x02000d74      0x2c8 CMakeFiles/26renesascup_smartmedicine_Ra8p1.elf.dir/ra_gen/pin_data.c.obj
                0x02000d74                g_bsp_pin_cfg_data
 *(.mcuboot_sce9_key)
 *(.version)
 .version       0x0200103c       0x50 CMakeFiles/26renesascup_smartmedicine_Ra8p1.elf.dir/ra/fsp/src/bsp/mcu/all/bsp_common.c.obj
                0x0200108c                        __flash_readonly$$Limit = .

.glue_7         0x0200108c        0x0
 .glue_7        0x0200108c        0x0 linker stubs

.glue_7t        0x0200108c        0x0
 .glue_7t       0x0200108c        0x0 linker stubs

.vfp11_veneer   0x0200108c        0x0
 .vfp11_veneer  0x0200108c        0x0 linker stubs

.v4_bx          0x0200108c        0x0
 .v4_bx         0x0200108c        0x0 linker stubs

.init           0x0200108c        0x4
 .init          0x0200108c        0x4 C:/PROGRA~2/ARMGNU~1/133167~1.3RE/bin/../lib/gcc/arm-none-eabi/13.3.1/thumb/v8-m.main+dp/hard/crti.o
                0x0200108c                _init

.fini           0x02001090        0x4
 .fini          0x02001090        0x4 C:/PROGRA~2/ARMGNU~1/133167~1.3RE/bin/../lib/gcc/arm-none-eabi/13.3.1/thumb/v8-m.main+dp/hard/crti.o
                0x02001090                _fini

.iplt           0x02001094        0x0
 .iplt          0x02001094        0x0 C:/PROGRA~2/ARMGNU~1/133167~1.3RE/bin/../lib/gcc/arm-none-eabi/13.3.1/thumb/v8-m.main+dp/hard/crtbegin.o

__flash_ctor$$
 *crtbegin.o(.ctors)
 *crtbegin?.o(.ctors)
 EXCLUDE_FILE(*crtend.o *crtend?.o) *(.ctors)
 *(SORT_BY_NAME(.ctors.*))
 *(.ctors)
 *crtbegin.o(.dtors)
 *crtbegin?.o(.dtors)
 EXCLUDE_FILE(*crtend.o *crtend?.o) *(.dtors)
 *(SORT_BY_NAME(.dtors.*))
 *(.dtors)

__flash_preinit_array$$
                0x02001094        0x0
                0x02001094                        __preinit_array_start = .
 *(.preinit_array)
                0x02001094                        __preinit_array_end = .

__flash_.got$$
 *(.got.plt)
 *(.got)

__flash_init_array$$
                0x02001094        0x4
                0x02001094                        __init_array_start = .
 *(SORT_BY_NAME(.init_array.*))
 *(.init_array)
 .init_array    0x02001094        0x4 C:/PROGRA~2/ARMGNU~1/133167~1.3RE/bin/../lib/gcc/arm-none-eabi/13.3.1/thumb/v8-m.main+dp/hard/crtbegin.o
                0x02001098                        __init_array_end = .

__flash_fini_array$$
                0x02001098        0x4
                0x02001098                        __fini_array_start = .
 *(SORT_BY_NAME(.fini_array.*))
 *(.fini_array)
 .fini_array    0x02001098        0x4 C:/PROGRA~2/ARMGNU~1/133167~1.3RE/bin/../lib/gcc/arm-none-eabi/13.3.1/thumb/v8-m.main+dp/hard/crtbegin.o
                0x0200109c                        __fini_array_end = .

__flash_arm.extab$$
 *(.ARM.extab*)
 *(.gnu.linkonce.armextab.*)

__flash_arm.exidx$$
                0x0200109c        0x0
                0x0200109c                        __exidx_start = .
 *(.ARM.exidx*)
 *(.gnu.linkonce.armexidx.*)
                0x0200109c                        __exidx_end = .

.flash.endof    0x02001200        0x0
                0x02001200                        __ddsc_FLASH_END = .

.option_setting_ofs0.startof
                0x02c9f040        0x0
                0x02c9f040                        __ddsc_OPTION_SETTING_OFS0_START = .

__option_setting_ofs0_reg$$
                0x02c9f040        0x4
                0x02c9f040                        __option_setting_ofs0_reg$$Base = .
 *(.option_setting_ofs0)
 .option_setting_ofs0
                0x02c9f040        0x4 CMakeFiles/26renesascup_smartmedicine_Ra8p1.elf.dir/ra/fsp/src/bsp/mcu/ra8p1/bsp_linker.c.obj
                0x02c9f044                        __option_setting_ofs0_reg$$Limit = .

.option_setting_ofs0.endof
                0x02c9f044        0x0
                0x02c9f044                        __ddsc_OPTION_SETTING_OFS0_END = .

.option_setting_ofs2.startof
                0x02c9f044        0x0
                0x02c9f044                        __ddsc_OPTION_SETTING_OFS2_START = .

__option_setting_ofs2_reg$$
                0x02c9f044        0x4
                0x02c9f044                        __option_setting_ofs2_reg$$Base = .
 *(.option_setting_ofs2)
 .option_setting_ofs2
                0x02c9f044        0x4 CMakeFiles/26renesascup_smartmedicine_Ra8p1.elf.dir/ra/fsp/src/bsp/mcu/ra8p1/bsp_linker.c.obj
                0x02c9f048                        __option_setting_ofs2_reg$$Limit = .

.option_setting_ofs2.endof
                0x02c9f048        0x0
                0x02c9f048                        __ddsc_OPTION_SETTING_OFS2_END = .

.option_setting_sas.startof
                0x02c9f074        0x0
                0x02c9f074                        __ddsc_OPTION_SETTING_SAS_START = .

__option_setting_sas_reg$$
                0x02c9f074        0x0
                0x02c9f074                        __option_setting_sas_reg$$Base = .
 *(.option_setting_sas)
                0x02c9f074                        __option_setting_sas_reg$$Limit = .

.option_setting_sas.endof
                0x02c9f074        0x0
                0x02c9f074                        __ddsc_OPTION_SETTING_SAS_END = .

.option_setting_ofs1.startof
                0x12c9f4c0        0x0
                0x12c9f4c0                        __ddsc_OPTION_SETTING_OFS1_START = .

__option_setting_ofs1_reg$$
                0x12c9f4c0        0x0
                0x12c9f4c0                        __option_setting_ofs1_reg$$Base = .
 *(.option_setting_ofs1)
                0x12c9f4c0                        __option_setting_ofs1_reg$$Limit = .

.option_setting_ofs1.endof
                0x12c9f4c0        0x0
                0x12c9f4c0                        __ddsc_OPTION_SETTING_OFS1_END = .

.option_setting_ofs1_sec.startof
                0x02c9f0c0        0x0
                0x02c9f0c0                        __ddsc_OPTION_SETTING_OFS1_SEC_START = .

__option_setting_ofs1_sec_reg$$
                0x02c9f0c0        0x4
                0x02c9f0c0                        __option_setting_ofs1_sec_reg$$Base = .
 *(.option_setting_ofs1_sec)
 .option_setting_ofs1_sec
                0x02c9f0c0        0x4 CMakeFiles/26renesascup_smartmedicine_Ra8p1.elf.dir/ra/fsp/src/bsp/mcu/ra8p1/bsp_linker.c.obj
                0x02c9f0c4                        __option_setting_ofs1_sec_reg$$Limit = .

.option_setting_ofs1_sec.endof
                0x02c9f0c4        0x0
                0x02c9f0c4                        __ddsc_OPTION_SETTING_OFS1_SEC_END = .

.option_setting_ofs1_sel.startof
                0x02c9f120        0x0
                0x02c9f120                        __ddsc_OPTION_SETTING_OFS1_SEL_START = .

__option_setting_ofs1_sel_reg$$
                0x02c9f120        0x4
                0x02c9f120                        __option_setting_ofs1_sel_reg$$Base = .
 *(.option_setting_ofs1_sel)
 .option_setting_ofs1_sel
                0x02c9f120        0x4 CMakeFiles/26renesascup_smartmedicine_Ra8p1.elf.dir/ra/fsp/src/bsp/mcu/ra8p1/bsp_linker.c.obj
                0x02c9f124                        __option_setting_ofs1_sel_reg$$Limit = .

.option_setting_ofs1_sel.endof
                0x02c9f124        0x0
                0x02c9f124                        __ddsc_OPTION_SETTING_OFS1_SEL_END = .

.option_setting_ofs3.startof
                0x12c9f4c4        0x0
                0x12c9f4c4                        __ddsc_OPTION_SETTING_OFS3_START = .

__option_setting_ofs3_reg$$
                0x12c9f4c4        0x0
                0x12c9f4c4                        __option_setting_ofs3_reg$$Base = .
 *(.option_setting_ofs3)
                0x12c9f4c4                        __option_setting_ofs3_reg$$Limit = .

.option_setting_ofs3.endof
                0x12c9f4c4        0x0
                0x12c9f4c4                        __ddsc_OPTION_SETTING_OFS3_END = .

.option_setting_ofs3_sec.startof
                0x02c9f0c4        0x0
                0x02c9f0c4                        __ddsc_OPTION_SETTING_OFS3_SEC_START = .

__option_setting_ofs3_sec_reg$$
                0x02c9f0c4        0x4
                0x02c9f0c4                        __option_setting_ofs3_sec_reg$$Base = .
 *(.option_setting_ofs3_sec)
 .option_setting_ofs3_sec
                0x02c9f0c4        0x4 CMakeFiles/26renesascup_smartmedicine_Ra8p1.elf.dir/ra/fsp/src/bsp/mcu/ra8p1/bsp_linker.c.obj
                0x02c9f0c8                        __option_setting_ofs3_sec_reg$$Limit = .

.option_setting_ofs3_sec.endof
                0x02c9f0c8        0x0
                0x02c9f0c8                        __ddsc_OPTION_SETTING_OFS3_SEC_END = .

.option_setting_ofs3_sel.startof
                0x02c9f124        0x0
                0x02c9f124                        __ddsc_OPTION_SETTING_OFS3_SEL_START = .

__option_setting_ofs3_sel_reg$$
                0x02c9f124        0x4
                0x02c9f124                        __option_setting_ofs3_sel_reg$$Base = .
 *(.option_setting_ofs3_sel)
 .option_setting_ofs3_sel
                0x02c9f124        0x4 CMakeFiles/26renesascup_smartmedicine_Ra8p1.elf.dir/ra/fsp/src/bsp/mcu/ra8p1/bsp_linker.c.obj
                0x02c9f128                        __option_setting_ofs3_sel_reg$$Limit = .

.eh_frame       0x02c9f128        0x0
 .eh_frame      0x02c9f128        0x0 C:/PROGRA~2/ARMGNU~1/133167~1.3RE/bin/../lib/gcc/arm-none-eabi/13.3.1/thumb/v8-m.main+dp/hard/crtbegin.o

.rel.dyn        0x02c9f128        0x0
 .rel.iplt      0x02c9f128        0x0 C:/PROGRA~2/ARMGNU~1/133167~1.3RE/bin/../lib/gcc/arm-none-eabi/13.3.1/thumb/v8-m.main+dp/hard/crtbegin.o

.tm_clone_table
                0x02c9f128        0x0
 .tm_clone_table
                0x02c9f128        0x0 C:/PROGRA~2/ARMGNU~1/133167~1.3RE/bin/../lib/gcc/arm-none-eabi/13.3.1/thumb/v8-m.main+dp/hard/crtbegin.o
 .tm_clone_table
                0x02c9f128        0x0 C:/PROGRA~2/ARMGNU~1/133167~1.3RE/bin/../lib/gcc/arm-none-eabi/13.3.1/thumb/v8-m.main+dp/hard/crtend.o

.igot.plt       0x0200109c        0x0
 .igot.plt      0x0200109c        0x0 C:/PROGRA~2/ARMGNU~1/133167~1.3RE/bin/../lib/gcc/arm-none-eabi/13.3.1/thumb/v8-m.main+dp/hard/crtbegin.o

.option_setting_ofs3_sel.endof
                0x02c9f128        0x0
                0x02c9f128                        __ddsc_OPTION_SETTING_OFS3_SEL_END = .

.option_setting_bps.startof
                0x12c9f600        0x0
                0x12c9f600                        __ddsc_OPTION_SETTING_BPS_START = .

__option_setting_bps_reg$$
                0x12c9f600        0x0
                0x12c9f600                        __option_setting_bps_reg$$Base = .
 *(.option_setting_bps)
                0x12c9f600                        __option_setting_bps_reg$$Limit = .

.option_setting_bps.endof
                0x12c9f600        0x0
                0x12c9f600                        __ddsc_OPTION_SETTING_BPS_END = .

.option_setting_bps_sec.startof
                0x02c9f200        0x0
                0x02c9f200                        __ddsc_OPTION_SETTING_BPS_SEC_START = .

__option_setting_bps_sec_reg$$
                0x02c9f200        0x0
                0x02c9f200                        __option_setting_bps_sec_reg$$Base = .
 *(.option_setting_bps_sec)
                0x02c9f200                        __option_setting_bps_sec_reg$$Limit = .

.option_setting_bps_sec.endof
                0x02c9f200        0x0
                0x02c9f200                        __ddsc_OPTION_SETTING_BPS_SEC_END = .

.option_setting_otp_fsblctrl0.startof
                0x02e07600        0x0
                0x02e07600                        __ddsc_OPTION_SETTING_OTP_FSBLCTRL0_START = .

__option_setting_otp_fsblctrl0_reg$$
                0x02e07600        0x0
                0x02e07600                        __option_setting_otp_fsblctrl0_reg$$Base = .
 *(.option_setting_otp_fsblctrl0)
                0x02e07600                        __option_setting_otp_fsblctrl0_reg$$Limit = .

.option_setting_otp_fsblctrl0.endof
                0x02e07600        0x0
                0x02e07600                        __ddsc_OPTION_SETTING_OTP_FSBLCTRL0_END = .

.option_setting_otp_fsblctrl1.startof
                0x02e07604        0x0
                0x02e07604                        __ddsc_OPTION_SETTING_OTP_FSBLCTRL1_START = .

__option_setting_otp_fsblctrl1_reg$$
                0x02e07604        0x0
                0x02e07604                        __option_setting_otp_fsblctrl1_reg$$Base = .
 *(.option_setting_otp_fsblctrl1)
                0x02e07604                        __option_setting_otp_fsblctrl1_reg$$Limit = .

.option_setting_otp_fsblctrl1.endof
                0x02e07604        0x0
                0x02e07604                        __ddsc_OPTION_SETTING_OTP_FSBLCTRL1_END = .

.option_setting_otp_fsblctrl2.startof
                0x02e07608        0x0
                0x02e07608                        __ddsc_OPTION_SETTING_OTP_FSBLCTRL2_START = .

__option_setting_otp_fsblctrl2_reg$$
                0x02e07608        0x0
                0x02e07608                        __option_setting_otp_fsblctrl2_reg$$Base = .
 *(.option_setting_otp_fsblctrl2)
                0x02e07608                        __option_setting_otp_fsblctrl2_reg$$Limit = .

.option_setting_otp_fsblctrl2.endof
                0x02e07608        0x0
                0x02e07608                        __ddsc_OPTION_SETTING_OTP_FSBLCTRL2_END = .

.option_setting_otp_samr.startof
                0x02e07614        0x0
                0x02e07614                        __ddsc_OPTION_SETTING_OTP_SAMR_START = .

__option_setting_otp_samr_reg$$
                0x02e07614        0x0
                0x02e07614                        __option_setting_otp_samr_reg$$Base = .
 *(.option_setting_otp_samr)
                0x02e07614                        __option_setting_otp_samr_reg$$Limit = .

.option_setting_otp_samr.endof
                0x02e07614        0x0
                0x02e07614                        __ddsc_OPTION_SETTING_OTP_SAMR_END = .

.option_setting_otp_sacc00.startof
                0x02e07620        0x0
                0x02e07620                        __ddsc_OPTION_SETTING_OTP_SACC00_START = .

__option_setting_otp_sacc00_reg$$
                0x02e07620        0x0
                0x02e07620                        __option_setting_otp_sacc00_reg$$Base = .
 *(.option_setting_otp_sacc00)
                0x02e07620                        __option_setting_otp_sacc00_reg$$Limit = .

.option_setting_otp_sacc00.endof
                0x02e07620        0x0
                0x02e07620                        __ddsc_OPTION_SETTING_OTP_SACC00_END = .

.option_setting_otp_sacc10.startof
                0x02e07630        0x0
                0x02e07630                        __ddsc_OPTION_SETTING_OTP_SACC10_START = .

__option_setting_otp_sacc10_reg$$
                0x02e07630        0x0
                0x02e07630                        __option_setting_otp_sacc10_reg$$Base = .
 *(.option_setting_otp_sacc10)
                0x02e07630                        __option_setting_otp_sacc10_reg$$Limit = .

.option_setting_otp_sacc10.endof
                0x02e07630        0x0
                0x02e07630                        __ddsc_OPTION_SETTING_OTP_SACC10_END = .

.option_setting_otp_sacc01.startof
                0x02e07640        0x0
                0x02e07640                        __ddsc_OPTION_SETTING_OTP_SACC01_START = .

__option_setting_otp_sacc01_reg$$
                0x02e07640        0x0
                0x02e07640                        __option_setting_otp_sacc01_reg$$Base = .
 *(.option_setting_otp_sacc01)
                0x02e07640                        __option_setting_otp_sacc01_reg$$Limit = .

.option_setting_otp_sacc01.endof
                0x02e07640        0x0
                0x02e07640                        __ddsc_OPTION_SETTING_OTP_SACC01_END = .

.option_setting_otp_sacc11.startof
                0x02e07650        0x0
                0x02e07650                        __ddsc_OPTION_SETTING_OTP_SACC11_START = .

__option_setting_otp_sacc11_reg$$
                0x02e07650        0x0
                0x02e07650                        __option_setting_otp_sacc11_reg$$Base = .
 *(.option_setting_otp_sacc11)
                0x02e07650                        __option_setting_otp_sacc11_reg$$Limit = .

.option_setting_otp_sacc11.endof
                0x02e07650        0x0
                0x02e07650                        __ddsc_OPTION_SETTING_OTP_SACC11_END = .

.option_setting_otp_sacc02.startof
                0x02e07660        0x0
                0x02e07660                        __ddsc_OPTION_SETTING_OTP_SACC02_START = .

__option_setting_otp_sacc02_reg$$
                0x02e07660        0x0
                0x02e07660                        __option_setting_otp_sacc02_reg$$Base = .
 *(.option_setting_otp_sacc02)
                0x02e07660                        __option_setting_otp_sacc02_reg$$Limit = .

.option_setting_otp_sacc02.endof
                0x02e07660        0x0
                0x02e07660                        __ddsc_OPTION_SETTING_OTP_SACC02_END = .

.option_setting_otp_sacc12.startof
                0x02e07670        0x0
                0x02e07670                        __ddsc_OPTION_SETTING_OTP_SACC12_START = .

__option_setting_otp_sacc12_reg$$
                0x02e07670        0x0
                0x02e07670                        __option_setting_otp_sacc12_reg$$Base = .
 *(.option_setting_otp_sacc12)
                0x02e07670                        __option_setting_otp_sacc12_reg$$Limit = .

.option_setting_otp_sacc12.endof
                0x02e07670        0x0
                0x02e07670                        __ddsc_OPTION_SETTING_OTP_SACC12_END = .

.option_setting_otp_sacc03.startof
                0x02e07680        0x0
                0x02e07680                        __ddsc_OPTION_SETTING_OTP_SACC03_START = .

__option_setting_otp_sacc03_reg$$
                0x02e07680        0x0
                0x02e07680                        __option_setting_otp_sacc03_reg$$Base = .
 *(.option_setting_otp_sacc03)
                0x02e07680                        __option_setting_otp_sacc03_reg$$Limit = .

.option_setting_otp_sacc03.endof
                0x02e07680        0x0
                0x02e07680                        __ddsc_OPTION_SETTING_OTP_SACC03_END = .

.option_setting_otp_sacc13.startof
                0x02e07690        0x0
                0x02e07690                        __ddsc_OPTION_SETTING_OTP_SACC13_START = .

__option_setting_otp_sacc13_reg$$
                0x02e07690        0x0
                0x02e07690                        __option_setting_otp_sacc13_reg$$Base = .
 *(.option_setting_otp_sacc13)
                0x02e07690                        __option_setting_otp_sacc13_reg$$Limit = .

.option_setting_otp_sacc13.endof
                0x02e07690        0x0
                0x02e07690                        __ddsc_OPTION_SETTING_OTP_SACC13_END = .

.option_setting_otp_pbps_sec.startof
                0x02e17700        0x0
                0x02e17700                        __ddsc_OPTION_SETTING_OTP_PBPS_SEC_START = .

__option_setting_otp_pbps_sec_reg$$
                0x02e17700        0x0
                0x02e17700                        __option_setting_otp_pbps_sec_reg$$Base = .
 *(.option_setting_otp_pbps_sec)
                0x02e17700                        __option_setting_otp_pbps_sec_reg$$Limit = .

.option_setting_otp_pbps_sec.endof
                0x02e17700        0x0
                0x02e17700                        __ddsc_OPTION_SETTING_OTP_PBPS_SEC_END = .

.option_setting_otp_pbps.startof
                0x12e17780        0x0
                0x12e17780                        __ddsc_OPTION_SETTING_OTP_PBPS_START = .

__option_setting_otp_pbps_reg$$
                0x12e17780        0x0
                0x12e17780                        __option_setting_otp_pbps_reg$$Base = .
 *(.option_setting_otp_pbps)
                0x12e17780                        __option_setting_otp_pbps_reg$$Limit = .

.option_setting_otp_pbps.endof
                0x12e17780        0x0
                0x12e17780                        __ddsc_OPTION_SETTING_OTP_PBPS_END = .

.option_setting_otp_zhuk.startof
                0x02e17920        0x0
                0x02e17920                        __ddsc_OPTION_SETTING_OTP_ZHUK_START = .

__option_setting_otp_zhuk_reg$$
                0x02e17920        0x0
                0x02e17920                        __option_setting_otp_zhuk_reg$$Base = .
 *(.option_setting_otp_zhuk)
                0x02e17920                        __option_setting_otp_zhuk_reg$$Limit = .

.option_setting_otp_zhuk.endof
                0x02e17920        0x0
                0x02e17920                        __ddsc_OPTION_SETTING_OTP_ZHUK_END = .
OUTPUT(26renesascup_smartmedicine_Ra8p1.elf elf32-littlearm)
LOAD linker stubs

.ARM.attributes
                0x00000000       0x3e
 .ARM.attributes
                0x00000000       0x24 C:/PROGRA~2/ARMGNU~1/133167~1.3RE/bin/../lib/gcc/arm-none-eabi/13.3.1/thumb/v8-m.main+dp/hard/crti.o
 .ARM.attributes
                0x00000024       0x36 C:/PROGRA~2/ARMGNU~1/133167~1.3RE/bin/../lib/gcc/arm-none-eabi/13.3.1/thumb/v8-m.main+dp/hard/crtbegin.o
 .ARM.attributes
                0x0000005a       0x42 CMakeFiles/26renesascup_smartmedicine_Ra8p1.elf.dir/ra/board/ra8p1_cpkhmi/board_init.c.obj
 .ARM.attributes
                0x0000009c       0x42 CMakeFiles/26renesascup_smartmedicine_Ra8p1.elf.dir/ra/board/ra8p1_cpkhmi/board_leds.c.obj
 .ARM.attributes
                0x000000de       0x42 CMakeFiles/26renesascup_smartmedicine_Ra8p1.elf.dir/ra/fsp/src/bsp/cmsis/Device/RENESAS/Source/startup.c.obj
 .ARM.attributes
                0x00000120       0x42 CMakeFiles/26renesascup_smartmedicine_Ra8p1.elf.dir/ra/fsp/src/bsp/cmsis/Device/RENESAS/Source/system.c.obj
 .ARM.attributes
                0x00000162       0x42 CMakeFiles/26renesascup_smartmedicine_Ra8p1.elf.dir/ra/fsp/src/bsp/mcu/all/bsp_clocks.c.obj
 .ARM.attributes
                0x000001a4       0x42 CMakeFiles/26renesascup_smartmedicine_Ra8p1.elf.dir/ra/fsp/src/bsp/mcu/all/bsp_common.c.obj
 .ARM.attributes
                0x000001e6       0x42 CMakeFiles/26renesascup_smartmedicine_Ra8p1.elf.dir/ra/fsp/src/bsp/mcu/all/bsp_delay.c.obj
 .ARM.attributes
                0x00000228       0x42 CMakeFiles/26renesascup_smartmedicine_Ra8p1.elf.dir/ra/fsp/src/bsp/mcu/all/bsp_group_irq.c.obj
 .ARM.attributes
                0x0000026a       0x42 CMakeFiles/26renesascup_smartmedicine_Ra8p1.elf.dir/ra/fsp/src/bsp/mcu/all/bsp_io.c.obj
 .ARM.attributes
                0x000002ac       0x42 CMakeFiles/26renesascup_smartmedicine_Ra8p1.elf.dir/ra/fsp/src/bsp/mcu/all/bsp_irq.c.obj
 .ARM.attributes
                0x000002ee       0x42 CMakeFiles/26renesascup_smartmedicine_Ra8p1.elf.dir/ra/fsp/src/bsp/mcu/all/bsp_register_protection.c.obj
 .ARM.attributes
                0x00000330       0x42 CMakeFiles/26renesascup_smartmedicine_Ra8p1.elf.dir/ra/fsp/src/bsp/mcu/ra8p1/bsp_linker.c.obj
 .ARM.attributes
                0x00000372       0x42 CMakeFiles/26renesascup_smartmedicine_Ra8p1.elf.dir/ra/fsp/src/r_ioport/r_ioport.c.obj
 .ARM.attributes
                0x000003b4       0x42 CMakeFiles/26renesascup_smartmedicine_Ra8p1.elf.dir/ra_gen/common_data.c.obj
 .ARM.attributes
                0x000003f6       0x42 CMakeFiles/26renesascup_smartmedicine_Ra8p1.elf.dir/ra_gen/main.c.obj
 .ARM.attributes
                0x00000438       0x42 CMakeFiles/26renesascup_smartmedicine_Ra8p1.elf.dir/ra_gen/pin_data.c.obj
 .ARM.attributes
                0x0000047a       0x42 CMakeFiles/26renesascup_smartmedicine_Ra8p1.elf.dir/src/hal_entry.c.obj
 .ARM.attributes
                0x000004bc       0x42 CMakeFiles/26renesascup_smartmedicine_Ra8p1.elf.dir/src/hal_warmstart.c.obj
 .ARM.attributes
                0x000004fe       0x36 C:/PROGRA~2/ARMGNU~1/133167~1.3RE/bin/../lib/gcc/arm-none-eabi/13.3.1/thumb/v8-m.main+dp/hard\libg_nano.a(libc_a-memset.o)
 .ARM.attributes
                0x00000534       0x36 C:/PROGRA~2/ARMGNU~1/133167~1.3RE/bin/../lib/gcc/arm-none-eabi/13.3.1/thumb/v8-m.main+dp/hard\libg_nano.a(libc_a-memcpy-stub.o)
 .ARM.attributes
                0x0000056a       0x36 C:/PROGRA~2/ARMGNU~1/133167~1.3RE/bin/../lib/gcc/arm-none-eabi/13.3.1/thumb/v8-m.main+dp/hard/crtend.o

.comment        0x00000000       0x45
 .comment       0x00000000       0x45 CMakeFiles/26renesascup_smartmedicine_Ra8p1.elf.dir/ra/board/ra8p1_cpkhmi/board_init.c.obj
                                 0x46 (size before relaxing)
 .comment       0x00000045       0x46 CMakeFiles/26renesascup_smartmedicine_Ra8p1.elf.dir/ra/board/ra8p1_cpkhmi/board_leds.c.obj
 .comment       0x00000045       0x46 CMakeFiles/26renesascup_smartmedicine_Ra8p1.elf.dir/ra/fsp/src/bsp/cmsis/Device/RENESAS/Source/startup.c.obj
 .comment       0x00000045       0x46 CMakeFiles/26renesascup_smartmedicine_Ra8p1.elf.dir/ra/fsp/src/bsp/cmsis/Device/RENESAS/Source/system.c.obj
 .comment       0x00000045       0x46 CMakeFiles/26renesascup_smartmedicine_Ra8p1.elf.dir/ra/fsp/src/bsp/mcu/all/bsp_clocks.c.obj
 .comment       0x00000045       0x46 CMakeFiles/26renesascup_smartmedicine_Ra8p1.elf.dir/ra/fsp/src/bsp/mcu/all/bsp_common.c.obj
 .comment       0x00000045       0x46 CMakeFiles/26renesascup_smartmedicine_Ra8p1.elf.dir/ra/fsp/src/bsp/mcu/all/bsp_delay.c.obj
 .comment       0x00000045       0x46 CMakeFiles/26renesascup_smartmedicine_Ra8p1.elf.dir/ra/fsp/src/bsp/mcu/all/bsp_group_irq.c.obj
 .comment       0x00000045       0x46 CMakeFiles/26renesascup_smartmedicine_Ra8p1.elf.dir/ra/fsp/src/bsp/mcu/all/bsp_io.c.obj
 .comment       0x00000045       0x46 CMakeFiles/26renesascup_smartmedicine_Ra8p1.elf.dir/ra/fsp/src/bsp/mcu/all/bsp_irq.c.obj
 .comment       0x00000045       0x46 CMakeFiles/26renesascup_smartmedicine_Ra8p1.elf.dir/ra/fsp/src/bsp/mcu/all/bsp_register_protection.c.obj
 .comment       0x00000045       0x46 CMakeFiles/26renesascup_smartmedicine_Ra8p1.elf.dir/ra/fsp/src/bsp/mcu/ra8p1/bsp_linker.c.obj
 .comment       0x00000045       0x46 CMakeFiles/26renesascup_smartmedicine_Ra8p1.elf.dir/ra/fsp/src/r_ioport/r_ioport.c.obj
 .comment       0x00000045       0x46 CMakeFiles/26renesascup_smartmedicine_Ra8p1.elf.dir/ra_gen/common_data.c.obj
 .comment       0x00000045       0x46 CMakeFiles/26renesascup_smartmedicine_Ra8p1.elf.dir/ra_gen/main.c.obj
 .comment       0x00000045       0x46 CMakeFiles/26renesascup_smartmedicine_Ra8p1.elf.dir/ra_gen/pin_data.c.obj
 .comment       0x00000045       0x46 CMakeFiles/26renesascup_smartmedicine_Ra8p1.elf.dir/src/hal_entry.c.obj
 .comment       0x00000045       0x46 CMakeFiles/26renesascup_smartmedicine_Ra8p1.elf.dir/src/hal_warmstart.c.obj

.debug_info     0x00000000    0x2c5c9
 .debug_info    0x00000000       0xa5 CMakeFiles/26renesascup_smartmedicine_Ra8p1.elf.dir/ra/board/ra8p1_cpkhmi/board_init.c.obj
 .debug_info    0x000000a5      0x7a5 CMakeFiles/26renesascup_smartmedicine_Ra8p1.elf.dir/ra/board/ra8p1_cpkhmi/board_leds.c.obj
 .debug_info    0x0000084a      0x187 CMakeFiles/26renesascup_smartmedicine_Ra8p1.elf.dir/ra/fsp/src/bsp/cmsis/Device/RENESAS/Source/startup.c.obj
 .debug_info    0x000009d1     0x865d CMakeFiles/26renesascup_smartmedicine_Ra8p1.elf.dir/ra/fsp/src/bsp/cmsis/Device/RENESAS/Source/system.c.obj
 .debug_info    0x0000902e     0xab77 CMakeFiles/26renesascup_smartmedicine_Ra8p1.elf.dir/ra/fsp/src/bsp/mcu/all/bsp_clocks.c.obj
 .debug_info    0x00013ba5      0x966 CMakeFiles/26renesascup_smartmedicine_Ra8p1.elf.dir/ra/fsp/src/bsp/mcu/all/bsp_common.c.obj
 .debug_info    0x0001450b      0x204 CMakeFiles/26renesascup_smartmedicine_Ra8p1.elf.dir/ra/fsp/src/bsp/mcu/all/bsp_delay.c.obj
 .debug_info    0x0001470f     0x1826 CMakeFiles/26renesascup_smartmedicine_Ra8p1.elf.dir/ra/fsp/src/bsp/mcu/all/bsp_group_irq.c.obj
 .debug_info    0x00015f35       0xb2 CMakeFiles/26renesascup_smartmedicine_Ra8p1.elf.dir/ra/fsp/src/bsp/mcu/all/bsp_io.c.obj
 .debug_info    0x00015fe7     0x1d47 CMakeFiles/26renesascup_smartmedicine_Ra8p1.elf.dir/ra/fsp/src/bsp/mcu/all/bsp_irq.c.obj
 .debug_info    0x00017d2e     0x6360 CMakeFiles/26renesascup_smartmedicine_Ra8p1.elf.dir/ra/fsp/src/bsp/mcu/all/bsp_register_protection.c.obj
 .debug_info    0x0001e08e      0x7c6 CMakeFiles/26renesascup_smartmedicine_Ra8p1.elf.dir/ra/fsp/src/bsp/mcu/ra8p1/bsp_linker.c.obj
 .debug_info    0x0001e854     0xa0cf CMakeFiles/26renesascup_smartmedicine_Ra8p1.elf.dir/ra/fsp/src/r_ioport/r_ioport.c.obj
 .debug_info    0x00028923     0x1253 CMakeFiles/26renesascup_smartmedicine_Ra8p1.elf.dir/ra_gen/common_data.c.obj
 .debug_info    0x00029b76       0xaa CMakeFiles/26renesascup_smartmedicine_Ra8p1.elf.dir/ra_gen/main.c.obj
 .debug_info    0x00029c20      0xa40 CMakeFiles/26renesascup_smartmedicine_Ra8p1.elf.dir/ra_gen/pin_data.c.obj
 .debug_info    0x0002a660      0xf7a CMakeFiles/26renesascup_smartmedicine_Ra8p1.elf.dir/src/hal_entry.c.obj
 .debug_info    0x0002b5da      0xfef CMakeFiles/26renesascup_smartmedicine_Ra8p1.elf.dir/src/hal_warmstart.c.obj

.debug_abbrev   0x00000000     0x20d4
 .debug_abbrev  0x00000000       0x5b CMakeFiles/26renesascup_smartmedicine_Ra8p1.elf.dir/ra/board/ra8p1_cpkhmi/board_init.c.obj
 .debug_abbrev  0x0000005b       0xc6 CMakeFiles/26renesascup_smartmedicine_Ra8p1.elf.dir/ra/board/ra8p1_cpkhmi/board_leds.c.obj
 .debug_abbrev  0x00000121      0x102 CMakeFiles/26renesascup_smartmedicine_Ra8p1.elf.dir/ra/fsp/src/bsp/cmsis/Device/RENESAS/Source/startup.c.obj
 .debug_abbrev  0x00000223      0x406 CMakeFiles/26renesascup_smartmedicine_Ra8p1.elf.dir/ra/fsp/src/bsp/cmsis/Device/RENESAS/Source/system.c.obj
 .debug_abbrev  0x00000629      0x496 CMakeFiles/26renesascup_smartmedicine_Ra8p1.elf.dir/ra/fsp/src/bsp/mcu/all/bsp_clocks.c.obj
 .debug_abbrev  0x00000abf      0x188 CMakeFiles/26renesascup_smartmedicine_Ra8p1.elf.dir/ra/fsp/src/bsp/mcu/all/bsp_common.c.obj
 .debug_abbrev  0x00000c47      0x10d CMakeFiles/26renesascup_smartmedicine_Ra8p1.elf.dir/ra/fsp/src/bsp/mcu/all/bsp_delay.c.obj
 .debug_abbrev  0x00000d54      0x260 CMakeFiles/26renesascup_smartmedicine_Ra8p1.elf.dir/ra/fsp/src/bsp/mcu/all/bsp_group_irq.c.obj
 .debug_abbrev  0x00000fb4       0x5e CMakeFiles/26renesascup_smartmedicine_Ra8p1.elf.dir/ra/fsp/src/bsp/mcu/all/bsp_io.c.obj
 .debug_abbrev  0x00001012      0x1d1 CMakeFiles/26renesascup_smartmedicine_Ra8p1.elf.dir/ra/fsp/src/bsp/mcu/all/bsp_irq.c.obj
 .debug_abbrev  0x000011e3      0x26c CMakeFiles/26renesascup_smartmedicine_Ra8p1.elf.dir/ra/fsp/src/bsp/mcu/all/bsp_register_protection.c.obj
 .debug_abbrev  0x0000144f       0xe3 CMakeFiles/26renesascup_smartmedicine_Ra8p1.elf.dir/ra/fsp/src/bsp/mcu/ra8p1/bsp_linker.c.obj
 .debug_abbrev  0x00001532      0x476 CMakeFiles/26renesascup_smartmedicine_Ra8p1.elf.dir/ra/fsp/src/r_ioport/r_ioport.c.obj
 .debug_abbrev  0x000019a8      0x13a CMakeFiles/26renesascup_smartmedicine_Ra8p1.elf.dir/ra_gen/common_data.c.obj
 .debug_abbrev  0x00001ae2       0x61 CMakeFiles/26renesascup_smartmedicine_Ra8p1.elf.dir/ra_gen/main.c.obj
 .debug_abbrev  0x00001b43      0x10f CMakeFiles/26renesascup_smartmedicine_Ra8p1.elf.dir/ra_gen/pin_data.c.obj
 .debug_abbrev  0x00001c52      0x32a CMakeFiles/26renesascup_smartmedicine_Ra8p1.elf.dir/src/hal_entry.c.obj
 .debug_abbrev  0x00001f7c      0x158 CMakeFiles/26renesascup_smartmedicine_Ra8p1.elf.dir/src/hal_warmstart.c.obj

.debug_aranges  0x00000000      0x340
 .debug_aranges
                0x00000000       0x20 CMakeFiles/26renesascup_smartmedicine_Ra8p1.elf.dir/ra/board/ra8p1_cpkhmi/board_init.c.obj
 .debug_aranges
                0x00000020       0x18 CMakeFiles/26renesascup_smartmedicine_Ra8p1.elf.dir/ra/board/ra8p1_cpkhmi/board_leds.c.obj
 .debug_aranges
                0x00000038       0x28 CMakeFiles/26renesascup_smartmedicine_Ra8p1.elf.dir/ra/fsp/src/bsp/cmsis/Device/RENESAS/Source/startup.c.obj
 .debug_aranges
                0x00000060       0x30 CMakeFiles/26renesascup_smartmedicine_Ra8p1.elf.dir/ra/fsp/src/bsp/cmsis/Device/RENESAS/Source/system.c.obj
 .debug_aranges
                0x00000090       0x90 CMakeFiles/26renesascup_smartmedicine_Ra8p1.elf.dir/ra/fsp/src/bsp/mcu/all/bsp_clocks.c.obj
 .debug_aranges
                0x00000120       0x30 CMakeFiles/26renesascup_smartmedicine_Ra8p1.elf.dir/ra/fsp/src/bsp/mcu/all/bsp_common.c.obj
 .debug_aranges
                0x00000150       0x28 CMakeFiles/26renesascup_smartmedicine_Ra8p1.elf.dir/ra/fsp/src/bsp/mcu/all/bsp_delay.c.obj
 .debug_aranges
                0x00000178       0x28 CMakeFiles/26renesascup_smartmedicine_Ra8p1.elf.dir/ra/fsp/src/bsp/mcu/all/bsp_group_irq.c.obj
 .debug_aranges
                0x000001a0       0x18 CMakeFiles/26renesascup_smartmedicine_Ra8p1.elf.dir/ra/fsp/src/bsp/mcu/all/bsp_io.c.obj
 .debug_aranges
                0x000001b8       0x20 CMakeFiles/26renesascup_smartmedicine_Ra8p1.elf.dir/ra/fsp/src/bsp/mcu/all/bsp_irq.c.obj
 .debug_aranges
                0x000001d8       0x28 CMakeFiles/26renesascup_smartmedicine_Ra8p1.elf.dir/ra/fsp/src/bsp/mcu/all/bsp_register_protection.c.obj
 .debug_aranges
                0x00000200       0x18 CMakeFiles/26renesascup_smartmedicine_Ra8p1.elf.dir/ra/fsp/src/bsp/mcu/ra8p1/bsp_linker.c.obj
 .debug_aranges
                0x00000218       0x90 CMakeFiles/26renesascup_smartmedicine_Ra8p1.elf.dir/ra/fsp/src/r_ioport/r_ioport.c.obj
 .debug_aranges
                0x000002a8       0x20 CMakeFiles/26renesascup_smartmedicine_Ra8p1.elf.dir/ra_gen/common_data.c.obj
 .debug_aranges
                0x000002c8       0x20 CMakeFiles/26renesascup_smartmedicine_Ra8p1.elf.dir/ra_gen/main.c.obj
 .debug_aranges
                0x000002e8       0x18 CMakeFiles/26renesascup_smartmedicine_Ra8p1.elf.dir/ra_gen/pin_data.c.obj
 .debug_aranges
                0x00000300       0x20 CMakeFiles/26renesascup_smartmedicine_Ra8p1.elf.dir/src/hal_entry.c.obj
 .debug_aranges
                0x00000320       0x20 CMakeFiles/26renesascup_smartmedicine_Ra8p1.elf.dir/src/hal_warmstart.c.obj

.debug_rnglists
                0x00000000      0x444
 .debug_rnglists
                0x00000000       0x13 CMakeFiles/26renesascup_smartmedicine_Ra8p1.elf.dir/ra/board/ra8p1_cpkhmi/board_init.c.obj
 .debug_rnglists
                0x00000013       0x19 CMakeFiles/26renesascup_smartmedicine_Ra8p1.elf.dir/ra/fsp/src/bsp/cmsis/Device/RENESAS/Source/startup.c.obj
 .debug_rnglists
                0x0000002c       0x59 CMakeFiles/26renesascup_smartmedicine_Ra8p1.elf.dir/ra/fsp/src/bsp/cmsis/Device/RENESAS/Source/system.c.obj
 .debug_rnglists
                0x00000085      0x1a2 CMakeFiles/26renesascup_smartmedicine_Ra8p1.elf.dir/ra/fsp/src/bsp/mcu/all/bsp_clocks.c.obj
 .debug_rnglists
                0x00000227       0x1f CMakeFiles/26renesascup_smartmedicine_Ra8p1.elf.dir/ra/fsp/src/bsp/mcu/all/bsp_common.c.obj
 .debug_rnglists
                0x00000246       0x35 CMakeFiles/26renesascup_smartmedicine_Ra8p1.elf.dir/ra/fsp/src/bsp/mcu/all/bsp_delay.c.obj
 .debug_rnglists
                0x0000027b       0x37 CMakeFiles/26renesascup_smartmedicine_Ra8p1.elf.dir/ra/fsp/src/bsp/mcu/all/bsp_group_irq.c.obj
 .debug_rnglists
                0x000002b2       0x13 CMakeFiles/26renesascup_smartmedicine_Ra8p1.elf.dir/ra/fsp/src/bsp/mcu/all/bsp_irq.c.obj
 .debug_rnglists
                0x000002c5       0x31 CMakeFiles/26renesascup_smartmedicine_Ra8p1.elf.dir/ra/fsp/src/bsp/mcu/all/bsp_register_protection.c.obj
 .debug_rnglists
                0x000002f6       0xce CMakeFiles/26renesascup_smartmedicine_Ra8p1.elf.dir/ra/fsp/src/r_ioport/r_ioport.c.obj
 .debug_rnglists
                0x000003c4       0x13 CMakeFiles/26renesascup_smartmedicine_Ra8p1.elf.dir/ra_gen/common_data.c.obj
 .debug_rnglists
                0x000003d7       0x13 CMakeFiles/26renesascup_smartmedicine_Ra8p1.elf.dir/ra_gen/main.c.obj
 .debug_rnglists
                0x000003ea       0x47 CMakeFiles/26renesascup_smartmedicine_Ra8p1.elf.dir/src/hal_entry.c.obj
 .debug_rnglists
                0x00000431       0x13 CMakeFiles/26renesascup_smartmedicine_Ra8p1.elf.dir/src/hal_warmstart.c.obj

.debug_line     0x00000000     0x496a
 .debug_line    0x00000000       0x8f CMakeFiles/26renesascup_smartmedicine_Ra8p1.elf.dir/ra/board/ra8p1_cpkhmi/board_init.c.obj
 .debug_line    0x0000008f      0x17b CMakeFiles/26renesascup_smartmedicine_Ra8p1.elf.dir/ra/board/ra8p1_cpkhmi/board_leds.c.obj
 .debug_line    0x0000020a      0x1d4 CMakeFiles/26renesascup_smartmedicine_Ra8p1.elf.dir/ra/fsp/src/bsp/cmsis/Device/RENESAS/Source/startup.c.obj
 .debug_line    0x000003de      0x93c CMakeFiles/26renesascup_smartmedicine_Ra8p1.elf.dir/ra/fsp/src/bsp/cmsis/Device/RENESAS/Source/system.c.obj
 .debug_line    0x00000d1a     0x131f CMakeFiles/26renesascup_smartmedicine_Ra8p1.elf.dir/ra/fsp/src/bsp/mcu/all/bsp_clocks.c.obj
 .debug_line    0x00002039      0x26a CMakeFiles/26renesascup_smartmedicine_Ra8p1.elf.dir/ra/fsp/src/bsp/mcu/all/bsp_common.c.obj
 .debug_line    0x000022a3      0x28c CMakeFiles/26renesascup_smartmedicine_Ra8p1.elf.dir/ra/fsp/src/bsp/mcu/all/bsp_delay.c.obj
 .debug_line    0x0000252f      0x326 CMakeFiles/26renesascup_smartmedicine_Ra8p1.elf.dir/ra/fsp/src/bsp/mcu/all/bsp_group_irq.c.obj
 .debug_line    0x00002855      0x11d CMakeFiles/26renesascup_smartmedicine_Ra8p1.elf.dir/ra/fsp/src/bsp/mcu/all/bsp_io.c.obj
 .debug_line    0x00002972      0x24d CMakeFiles/26renesascup_smartmedicine_Ra8p1.elf.dir/ra/fsp/src/bsp/mcu/all/bsp_irq.c.obj
 .debug_line    0x00002bbf      0x371 CMakeFiles/26renesascup_smartmedicine_Ra8p1.elf.dir/ra/fsp/src/bsp/mcu/all/bsp_register_protection.c.obj
 .debug_line    0x00002f30      0x160 CMakeFiles/26renesascup_smartmedicine_Ra8p1.elf.dir/ra/fsp/src/bsp/mcu/ra8p1/bsp_linker.c.obj
 .debug_line    0x00003090      0xbf8 CMakeFiles/26renesascup_smartmedicine_Ra8p1.elf.dir/ra/fsp/src/r_ioport/r_ioport.c.obj
 .debug_line    0x00003c88      0x29a CMakeFiles/26renesascup_smartmedicine_Ra8p1.elf.dir/ra_gen/common_data.c.obj
 .debug_line    0x00003f22       0x8f CMakeFiles/26renesascup_smartmedicine_Ra8p1.elf.dir/ra_gen/main.c.obj
 .debug_line    0x00003fb1      0x265 CMakeFiles/26renesascup_smartmedicine_Ra8p1.elf.dir/ra_gen/pin_data.c.obj
 .debug_line    0x00004216      0x459 CMakeFiles/26renesascup_smartmedicine_Ra8p1.elf.dir/src/hal_entry.c.obj
 .debug_line    0x0000466f      0x2fb CMakeFiles/26renesascup_smartmedicine_Ra8p1.elf.dir/src/hal_warmstart.c.obj

.debug_str      0x00000000     0xda84
 .debug_str     0x00000000     0xda84 CMakeFiles/26renesascup_smartmedicine_Ra8p1.elf.dir/ra/board/ra8p1_cpkhmi/board_init.c.obj
                                0x218 (size before relaxing)
 .debug_str     0x0000da84     0x1728 CMakeFiles/26renesascup_smartmedicine_Ra8p1.elf.dir/ra/board/ra8p1_cpkhmi/board_leds.c.obj
 .debug_str     0x0000da84      0x2a0 CMakeFiles/26renesascup_smartmedicine_Ra8p1.elf.dir/ra/fsp/src/bsp/cmsis/Device/RENESAS/Source/startup.c.obj
 .debug_str     0x0000da84     0x3d28 CMakeFiles/26renesascup_smartmedicine_Ra8p1.elf.dir/ra/fsp/src/bsp/cmsis/Device/RENESAS/Source/system.c.obj
 .debug_str     0x0000da84     0x4840 CMakeFiles/26renesascup_smartmedicine_Ra8p1.elf.dir/ra/fsp/src/bsp/mcu/all/bsp_clocks.c.obj
 .debug_str     0x0000da84     0x1cea CMakeFiles/26renesascup_smartmedicine_Ra8p1.elf.dir/ra/fsp/src/bsp/mcu/all/bsp_common.c.obj
 .debug_str     0x0000da84      0x352 CMakeFiles/26renesascup_smartmedicine_Ra8p1.elf.dir/ra/fsp/src/bsp/mcu/all/bsp_delay.c.obj
 .debug_str     0x0000da84     0x23d0 CMakeFiles/26renesascup_smartmedicine_Ra8p1.elf.dir/ra/fsp/src/bsp/mcu/all/bsp_group_irq.c.obj
 .debug_str     0x0000da84      0x231 CMakeFiles/26renesascup_smartmedicine_Ra8p1.elf.dir/ra/fsp/src/bsp/mcu/all/bsp_io.c.obj
 .debug_str     0x0000da84     0x34ec CMakeFiles/26renesascup_smartmedicine_Ra8p1.elf.dir/ra/fsp/src/bsp/mcu/all/bsp_irq.c.obj
 .debug_str     0x0000da84     0x2d8e CMakeFiles/26renesascup_smartmedicine_Ra8p1.elf.dir/ra/fsp/src/bsp/mcu/all/bsp_register_protection.c.obj
 .debug_str     0x0000da84     0x1001 CMakeFiles/26renesascup_smartmedicine_Ra8p1.elf.dir/ra/fsp/src/bsp/mcu/ra8p1/bsp_linker.c.obj
 .debug_str     0x0000da84     0x6f4d CMakeFiles/26renesascup_smartmedicine_Ra8p1.elf.dir/ra/fsp/src/r_ioport/r_ioport.c.obj
 .debug_str     0x0000da84     0x33f5 CMakeFiles/26renesascup_smartmedicine_Ra8p1.elf.dir/ra_gen/common_data.c.obj
 .debug_str     0x0000da84      0x202 CMakeFiles/26renesascup_smartmedicine_Ra8p1.elf.dir/ra_gen/main.c.obj
 .debug_str     0x0000da84     0x1df3 CMakeFiles/26renesascup_smartmedicine_Ra8p1.elf.dir/ra_gen/pin_data.c.obj
 .debug_str     0x0000da84     0x1a0f CMakeFiles/26renesascup_smartmedicine_Ra8p1.elf.dir/src/hal_entry.c.obj
 .debug_str     0x0000da84     0x322a CMakeFiles/26renesascup_smartmedicine_Ra8p1.elf.dir/src/hal_warmstart.c.obj

.debug_frame    0x00000000      0x5c0
 .debug_frame   0x00000000       0x20 CMakeFiles/26renesascup_smartmedicine_Ra8p1.elf.dir/ra/board/ra8p1_cpkhmi/board_init.c.obj
 .debug_frame   0x00000020       0x38 CMakeFiles/26renesascup_smartmedicine_Ra8p1.elf.dir/ra/fsp/src/bsp/cmsis/Device/RENESAS/Source/startup.c.obj
 .debug_frame   0x00000058       0x6c CMakeFiles/26renesascup_smartmedicine_Ra8p1.elf.dir/ra/fsp/src/bsp/cmsis/Device/RENESAS/Source/system.c.obj
 .debug_frame   0x000000c4      0x168 CMakeFiles/26renesascup_smartmedicine_Ra8p1.elf.dir/ra/fsp/src/bsp/mcu/all/bsp_clocks.c.obj
 .debug_frame   0x0000022c       0x40 CMakeFiles/26renesascup_smartmedicine_Ra8p1.elf.dir/ra/fsp/src/bsp/mcu/all/bsp_common.c.obj
 .debug_frame   0x0000026c       0x4c CMakeFiles/26renesascup_smartmedicine_Ra8p1.elf.dir/ra/fsp/src/bsp/mcu/all/bsp_delay.c.obj
 .debug_frame   0x000002b8       0x40 CMakeFiles/26renesascup_smartmedicine_Ra8p1.elf.dir/ra/fsp/src/bsp/mcu/all/bsp_group_irq.c.obj
 .debug_frame   0x000002f8       0x20 CMakeFiles/26renesascup_smartmedicine_Ra8p1.elf.dir/ra/fsp/src/bsp/mcu/all/bsp_irq.c.obj
 .debug_frame   0x00000318       0x48 CMakeFiles/26renesascup_smartmedicine_Ra8p1.elf.dir/ra/fsp/src/bsp/mcu/all/bsp_register_protection.c.obj
 .debug_frame   0x00000360      0x17c CMakeFiles/26renesascup_smartmedicine_Ra8p1.elf.dir/ra/fsp/src/r_ioport/r_ioport.c.obj
 .debug_frame   0x000004dc       0x20 CMakeFiles/26renesascup_smartmedicine_Ra8p1.elf.dir/ra_gen/common_data.c.obj
 .debug_frame   0x000004fc       0x28 CMakeFiles/26renesascup_smartmedicine_Ra8p1.elf.dir/ra_gen/main.c.obj
 .debug_frame   0x00000524       0x34 CMakeFiles/26renesascup_smartmedicine_Ra8p1.elf.dir/src/hal_entry.c.obj
 .debug_frame   0x00000558       0x20 CMakeFiles/26renesascup_smartmedicine_Ra8p1.elf.dir/src/hal_warmstart.c.obj
 .debug_frame   0x00000578       0x20 C:/PROGRA~2/ARMGNU~1/133167~1.3RE/bin/../lib/gcc/arm-none-eabi/13.3.1/thumb/v8-m.main+dp/hard\libg_nano.a(libc_a-memset.o)
 .debug_frame   0x00000598       0x28 C:/PROGRA~2/ARMGNU~1/133167~1.3RE/bin/../lib/gcc/arm-none-eabi/13.3.1/thumb/v8-m.main+dp/hard\libg_nano.a(libc_a-memcpy-stub.o)

.debug_loclists
                0x00000000     0x1517
 .debug_loclists
                0x00000000      0x1a6 CMakeFiles/26renesascup_smartmedicine_Ra8p1.elf.dir/ra/fsp/src/bsp/cmsis/Device/RENESAS/Source/system.c.obj
 .debug_loclists
                0x000001a6      0x781 CMakeFiles/26renesascup_smartmedicine_Ra8p1.elf.dir/ra/fsp/src/bsp/mcu/all/bsp_clocks.c.obj
 .debug_loclists
                0x00000927       0x20 CMakeFiles/26renesascup_smartmedicine_Ra8p1.elf.dir/ra/fsp/src/bsp/mcu/all/bsp_common.c.obj
 .debug_loclists
                0x00000947      0x1ac CMakeFiles/26renesascup_smartmedicine_Ra8p1.elf.dir/ra/fsp/src/bsp/mcu/all/bsp_delay.c.obj
 .debug_loclists
                0x00000af3       0x73 CMakeFiles/26renesascup_smartmedicine_Ra8p1.elf.dir/ra/fsp/src/bsp/mcu/all/bsp_group_irq.c.obj
 .debug_loclists
                0x00000b66       0x3a CMakeFiles/26renesascup_smartmedicine_Ra8p1.elf.dir/ra/fsp/src/bsp/mcu/all/bsp_irq.c.obj
 .debug_loclists
                0x00000ba0       0xa7 CMakeFiles/26renesascup_smartmedicine_Ra8p1.elf.dir/ra/fsp/src/bsp/mcu/all/bsp_register_protection.c.obj
 .debug_loclists
                0x00000c47      0x7af CMakeFiles/26renesascup_smartmedicine_Ra8p1.elf.dir/ra/fsp/src/r_ioport/r_ioport.c.obj
 .debug_loclists
                0x000013f6       0xf8 CMakeFiles/26renesascup_smartmedicine_Ra8p1.elf.dir/src/hal_entry.c.obj
 .debug_loclists
                0x000014ee       0x29 CMakeFiles/26renesascup_smartmedicine_Ra8p1.elf.dir/src/hal_warmstart.c.obj
